*** Using Compiler 'V5.06 update 6 (build 750)', folder: 'D:\keil\Keil MDK\core\ARM\ARMCC\Bin'
Rebuild target 'AT32F403A'
assembling startup_at32f403a_407.s...
compiling core_cm4.c...
compiling at32f403a_407_bpr.c...
compiling at32f403a_407_emac.c...
compiling at32f403a_407_adc.c...
compiling at32f403a_407_dac.c...
compiling at32f403a_407_crc.c...
compiling at32f403a_407_wwdt.c...
compiling at32f403a_407_can.c...
compiling at32f403a_407_rtc.c...
compiling at32f403a_407_flash.c...
compiling at32f403a_407_it.c...
compiling at32f403a_407_dma.c...
compiling at32f403a_407_pwc.c...
compiling at32f403a_407_i2c.c...
compiling main.c...
compiling at32f403a_407_misc.c...
compiling at32f403a_407_spi.c...
compiling MqttKit.c...
compiling at32f403a_407_debug.c...
compiling usart.c...
compiling at32f403a_407_crm.c...
compiling at32f403a_407_gpio.c...
compiling at32f403a_407_sdio.c...
compiling cJSON.c...
NET\CJSON\cJSON.c(55): warning:  #1293-D: assignment in condition
        if (!(copy = (char*)cJSON_malloc(len))) return 0;
NET\CJSON\cJSON.c(278): warning:  #1293-D: assignment in condition
  	ptr=str;while ((token=*ptr) && ++len) {if (strchr("\"\\\b\f\n\r\t",token)) len++; else if (token<32) len+=5;ptr++;}
NET\CJSON\cJSON.c(352): warning:  #111-D: statement is unreachable
  	return p.buffer;
NET\CJSON\cJSON.c(423): warning:  #1293-D: assignment in condition
  		if (!(new_item=cJSON_New_Item())) return 0; 	/* memory fail */
NET\CJSON\cJSON.c(535): warning:  #1293-D: assignment in condition
  		if (!(new_item=cJSON_New_Item()))	return 0; /* memory fail */
NET\CJSON\cJSON.c: 5 warnings, 0 errors
compiling at32f403a_407_tmr.c...
compiling at32f403a_407_usb.c...
compiling at32f403a_407_xmc.c...
compiling at32f403a_407_exint.c...
compiling at32f403a_407_usart.c...
compiling at32f403a_407_wdt.c...
compiling delay.c...
compiling Timer.c...
compiling at32f403a_407_acc.c...
compiling Broker.c...
compiling Flash.c...
compiling system_at32f403a_407.c...
compiling OLED.c...
compiling esp8266.c...
compiling RFID.c...
linking...
Program Size: Code=46004 RO-data=5672 RW-data=92 ZI-data=5156  
FromELF: creating hex file...
".\output\at32f403a.axf" - 0 Error(s), 5 Warning(s).
Build Time Elapsed:  00:00:04
