<html>
<body>
<pre>
<h1>µVision Build Log</h1>
<h2>Tool Versions:</h2>
IDE-Version: ¦ÌVision V5.39.0.0
Copyright (C) 2023 ARM Ltd and ARM Germany GmbH. All rights reserved.
License Information: 1 abc, 1, LIC=GMZI6-D7CT7-MMR9I-TVEDS-BUKX0-H34NT
 
Tool Versions:
Toolchain:       MDK-ARM Plus  Version: 5.39.0.0
Toolchain Path:  D:\keil\Keil MDK\core\ARM\ARMCC\Bin
C Compiler:      Armcc.exe V5.06 update 6 (build 750)
Assembler:       Armasm.exe V5.06 update 6 (build 750)
Linker/Locator:  ArmLink.exe V5.06 update 6 (build 750)
Library Manager: ArmAr.exe V5.06 update 6 (build 750)
Hex Converter:   FromElf.exe V5.06 update 6 (build 750)
CPU DLL:         SARMCM3.DLL V5.39.0.0
Dialog DLL:      DCM.DLL V1.17.5.0
Target DLL:      STLink\ST-LINKIII-KEIL_SWO.dll V3.2.0.0
Dialog DLL:      TCM.DLL V1.56.4.0
 
<h2>Project:</h2>
d:\github_\smart-RFID\AT32F403A\at32f403a.uvprojx
Project File Date:  06/07/2026

<h2>Output:</h2>
*** Using Compiler 'V5.06 update 6 (build 750)', folder: 'D:\keil\Keil MDK\core\ARM\ARMCC\Bin'
Rebuild target 'AT32F403A'
assembling startup_at32f403a_407.s...
compiling core_cm4.c...
compiling at32f403a_407_it.c...
compiling at32f403a_407_gpio.c...
compiling at32f403a_407_crm.c...
compiling at32f403a_407_can.c...
compiling at32f403a_407_debug.c...
compiling at32f403a_407_spi.c...
compiling system_at32f403a_407.c...
compiling at32f403a_407_tmr.c...
compiling at32f403a_407_bpr.c...
compiling at32f403a_407_dma.c...
compiling at32f403a_407_i2c.c...
compiling at32f403a_407_misc.c...
compiling at32f403a_407_adc.c...
compiling MqttKit.c...
compiling at32f403a_407_usart.c...
compiling at32f403a_407_crc.c...
compiling at32f403a_407_flash.c...
compiling at32f403a_407_acc.c...
compiling cJSON.c...
NET\CJSON\cJSON.c(55): warning:  #1293-D: assignment in condition
        if (!(copy = (char*)cJSON_malloc(len))) return 0;
NET\CJSON\cJSON.c(278): warning:  #1293-D: assignment in condition
  	ptr=str;while ((token=*ptr) && ++len) {if (strchr("\"\\\b\f\n\r\t",token)) len++; else if (token<32) len+=5;ptr++;}
NET\CJSON\cJSON.c(352): warning:  #111-D: statement is unreachable
  	return p.buffer;
NET\CJSON\cJSON.c(423): warning:  #1293-D: assignment in condition
  		if (!(new_item=cJSON_New_Item())) return 0; 	/* memory fail */
NET\CJSON\cJSON.c(535): warning:  #1293-D: assignment in condition
  		if (!(new_item=cJSON_New_Item()))	return 0; /* memory fail */
NET\CJSON\cJSON.c: 5 warnings, 0 errors
compiling at32f403a_407_emac.c...
compiling at32f403a_407_rtc.c...
compiling delay.c...
compiling usart.c...
compiling main.c...
compiling at32f403a_407_xmc.c...
compiling at32f403a_407_wwdt.c...
compiling at32f403a_407_exint.c...
compiling at32f403a_407_usb.c...
compiling at32f403a_407_wdt.c...
compiling at32f403a_407_dac.c...
compiling at32f403a_407_sdio.c...
compiling Flash.c...
compiling Broker.c...
compiling Timer.c...
compiling at32f403a_407_pwc.c...
compiling esp8266.c...
compiling OLED.c...
compiling RFID.c...
linking...
Program Size: Code=45772 RO-data=5672 RW-data=96 ZI-data=10848  
FromELF: creating hex file...
".\output\at32f403a.axf" - 0 Error(s), 5 Warning(s).

<h2>Software Packages used:</h2>

Package Vendor: ARM
                http://www.keil.com/pack/ARM.CMSIS.5.9.0.pack
                ARM::CMSIS@5.9.0
                CMSIS (Common Microcontroller Software Interface Standard)
   * Component: CORE Version: 5.6.0

Package Vendor: ArteryTek
                
                ArteryTek::AT32F403A_407_DFP@2.2.3
                ArteryTek AT32F403A_407 Series Device Support,Drivers

<h2>Collection of Component include folders:</h2>
  ./RTE/_AT32F403A
  D:/keil/Keil MDK/pack/ARM/CMSIS/5.9.0/CMSIS/Core/Include
  D:/keil/Keil MDK/pack/ArteryTek/AT32F403A_407_DFP/2.2.3/Device/Include

<h2>Collection of Component Files used:</h2>

   * Component: ARM::CMSIS:CORE@5.6.0
Build Time Elapsed:  00:00:03
</pre>
</body>
</html>
