Component: ARM Compiler 5.06 update 6 (build 750) Tool: armlink [4d35ed]

==============================================================================

Section Cross References

    at32f403a_407_it.o(.text) refers to usart.o(.text) for UsartPrintf
    at32f403a_407_it.o(.text) refers to delay.o(.data) for g_msTicks
    system_at32f403a_407.o(.text) refers to at32f403a_407_crm.o(.text) for crm_sysclk_switch_status_get
    system_at32f403a_407.o(.text) refers to system_at32f403a_407.o(.data) for system_core_clock
    system_at32f403a_407.o(.text) refers to system_at32f403a_407.o(.constdata) for sys_ahb_div_table
    startup_at32f403a_407.o(STACK) refers (Special) to heapauxi.o(.text) for __use_two_region_memory
    startup_at32f403a_407.o(HEAP) refers (Special) to heapauxi.o(.text) for __use_two_region_memory
    startup_at32f403a_407.o(RESET) refers (Special) to heapauxi.o(.text) for __use_two_region_memory
    startup_at32f403a_407.o(RESET) refers to startup_at32f403a_407.o(STACK) for __initial_sp
    startup_at32f403a_407.o(RESET) refers to startup_at32f403a_407.o(.text) for Reset_Handler
    startup_at32f403a_407.o(RESET) refers to at32f403a_407_it.o(.text) for NMI_Handler
    startup_at32f403a_407.o(RESET) refers to main.o(.text) for TMR2_GLOBAL_IRQHandler
    startup_at32f403a_407.o(RESET) refers to timer.o(.text) for TMR3_GLOBAL_IRQHandler
    startup_at32f403a_407.o(RESET) refers to rfid.o(.text) for USART1_IRQHandler
    startup_at32f403a_407.o(RESET) refers to esp8266.o(.text) for USART3_IRQHandler
    startup_at32f403a_407.o(.text) refers (Special) to heapauxi.o(.text) for __use_two_region_memory
    startup_at32f403a_407.o(.text) refers to system_at32f403a_407.o(.text) for SystemInit
    startup_at32f403a_407.o(.text) refers to __main.o(!!!main) for __main
    startup_at32f403a_407.o(.text) refers to startup_at32f403a_407.o(HEAP) for Heap_Mem
    startup_at32f403a_407.o(.text) refers to startup_at32f403a_407.o(STACK) for Stack_Mem
    at32f403a_407_adc.o(.text) refers to at32f403a_407_crm.o(.text) for crm_periph_reset
    at32f403a_407_bpr.o(.text) refers to at32f403a_407_crm.o(.text) for crm_battery_powered_domain_reset
    at32f403a_407_can.o(.text) refers to at32f403a_407_crm.o(.text) for crm_periph_reset
    at32f403a_407_crm.o(.text) refers to at32f403a_407_crm.o(.constdata) for sclk_ahb_div_table
    at32f403a_407_dac.o(.text) refers to at32f403a_407_crm.o(.text) for crm_periph_reset
    at32f403a_407_flash.o(.text) refers to at32f403a_407_flash.o(.constdata) for .constdata
    at32f403a_407_gpio.o(.text) refers to at32f403a_407_crm.o(.text) for crm_periph_reset
    at32f403a_407_i2c.o(.text) refers to at32f403a_407_crm.o(.text) for crm_periph_reset
    at32f403a_407_pwc.o(.text) refers to at32f403a_407_crm.o(.text) for crm_periph_reset
    at32f403a_407_spi.o(.text) refers to at32f403a_407_crm.o(.text) for crm_periph_reset
    at32f403a_407_tmr.o(.text) refers to at32f403a_407_crm.o(.text) for crm_periph_reset
    at32f403a_407_usart.o(.text) refers to at32f403a_407_crm.o(.text) for crm_periph_reset
    at32f403a_407_usb.o(.text) refers to at32f403a_407_usb.o(.data) for g_usb_packet_address
    at32f403a_407_wwdt.o(.text) refers to at32f403a_407_crm.o(.text) for crm_periph_reset
    delay.o(.text) refers to delay.o(.data) for g_msTicks
    delay.o(.text) refers to system_at32f403a_407.o(.data) for system_core_clock
    usart.o(.text) refers to at32f403a_407_crm.o(.text) for crm_periph_clock_enable
    usart.o(.text) refers to at32f403a_407_gpio.o(.text) for gpio_default_para_init
    usart.o(.text) refers to at32f403a_407_usart.o(.text) for usart_init
    usart.o(.text) refers to at32f403a_407_misc.o(.text) for nvic_irq_enable
    usart.o(.text) refers to vsnprintf.o(.text) for vsnprintf
    usart.o(.text) refers to usart.o(.bss) for UsartPrintfBuf
    main.o(.text) refers to _printf_pad.o(.text) for _printf_pre_padding
    main.o(.text) refers to _printf_percent.o(.ARM.Collect$$_printf_percent$$00000000) for _printf_percent
    main.o(.text) refers to _printf_x.o(.ARM.Collect$$_printf_percent$$0000000C) for _printf_x
    main.o(.text) refers to _printf_hex_int_ll_ptr.o(.text) for _printf_longlong_hex
    main.o(.text) refers to flash.o(.text) for FLASH_R
    main.o(.text) refers to at32f403a_407_misc.o(.text) for nvic_priority_group_config
    main.o(.text) refers to delay.o(.text) for Delay_Init
    main.o(.text) refers to usart.o(.text) for Usart1_Init
    main.o(.text) refers to timer.o(.text) for Timer_Init
    main.o(.text) refers to oled.o(.text) for OLED_Init
    main.o(.text) refers to aeabi_memset.o(.text) for __aeabi_memset
    main.o(.text) refers to esp8266.o(.text) for ESP8266_Init
    main.o(.text) refers to broker.o(.text) for Broker_Link
    main.o(.text) refers to main.o(.bss) for ID_temp
    main.o(.text) refers to main.o(.data) for tempcard
    main.o(.text) refers to rfid.o(.bss) for RFIDCard
    main.o(.text) refers to rfid.o(.text) for RFID_SearchOnce
[...]
    XMC_IRQHandler                           0x0800059b   Thumb Code     0  startup_at32f403a_407.o(.text)
    __user_initial_stackheap                 0x0800059d   Thumb Code     0  startup_at32f403a_407.o(.text)
    crm_reset                                0x080005c1   Thumb Code    80  at32f403a_407_crm.o(.text)
    crm_lext_bypass                          0x08000611   Thumb Code    14  at32f403a_407_crm.o(.text)
    crm_hext_bypass                          0x0800061f   Thumb Code    14  at32f403a_407_crm.o(.text)
    crm_flag_get                             0x0800062d   Thumb Code    42  at32f403a_407_crm.o(.text)
    crm_interrupt_flag_get                   0x08000657   Thumb Code   172  at32f403a_407_crm.o(.text)
    crm_hext_stable_wait                     0x08000703   Thumb Code    46  at32f403a_407_crm.o(.text)
    crm_hick_clock_trimming_set              0x08000731   Thumb Code    14  at32f403a_407_crm.o(.text)
    crm_hick_clock_calibration_set           0x0800073f   Thumb Code    36  at32f403a_407_crm.o(.text)
    crm_periph_clock_enable                  0x08000763   Thumb Code    62  at32f403a_407_crm.o(.text)
    crm_periph_reset                         0x080007a1   Thumb Code    62  at32f403a_407_crm.o(.text)
    crm_periph_sleep_mode_clock_enable       0x080007df   Thumb Code    62  at32f403a_407_crm.o(.text)
    crm_clock_source_enable                  0x0800081d   Thumb Code    90  at32f403a_407_crm.o(.text)
    crm_flag_clear                           0x08000877   Thumb Code   204  at32f403a_407_crm.o(.text)
    crm_rtc_clock_select                     0x08000943   Thumb Code    14  at32f403a_407_crm.o(.text)
    crm_rtc_clock_enable                     0x08000951   Thumb Code    14  at32f403a_407_crm.o(.text)
    crm_ahb_div_set                          0x0800095f   Thumb Code    14  at32f403a_407_crm.o(.text)
    crm_apb1_div_set                         0x0800096d   Thumb Code    14  at32f403a_407_crm.o(.text)
    crm_apb2_div_set                         0x0800097b   Thumb Code    14  at32f403a_407_crm.o(.text)
    crm_adc_clock_div_set                    0x08000989   Thumb Code    40  at32f403a_407_crm.o(.text)
    crm_usb_clock_div_set                    0x080009b1   Thumb Code    28  at32f403a_407_crm.o(.text)
    crm_clock_failure_detection_enable       0x080009cd   Thumb Code    14  at32f403a_407_crm.o(.text)
    crm_battery_powered_domain_reset         0x080009db   Thumb Code    14  at32f403a_407_crm.o(.text)
    crm_pll_config                           0x080009e9   Thumb Code   118  at32f403a_407_crm.o(.text)
    crm_sysclk_switch                        0x08000a5f   Thumb Code    54  at32f403a_407_crm.o(.text)
    crm_sysclk_switch_status_get             0x08000a95   Thumb Code    10  at32f403a_407_crm.o(.text)
    crm_clocks_freq_get                      0x08000a9f   Thumb Code   268  at32f403a_407_crm.o(.text)
    crm_clock_out_set                        0x08000bab   Thumb Code    28  at32f403a_407_crm.o(.text)
    crm_interrupt_enable                     0x08000bc7   Thumb Code    28  at32f403a_407_crm.o(.text)
    crm_auto_step_mode_enable                0x08000be3   Thumb Code    34  at32f403a_407_crm.o(.text)
    crm_usb_interrupt_remapping_set          0x08000c05   Thumb Code    14  at32f403a_407_crm.o(.text)
    crm_hick_divider_select                  0x08000c13   Thumb Code    14  at32f403a_407_crm.o(.text)
    crm_hick_sclk_frequency_select           0x08000c21   Thumb Code    24  at32f403a_407_crm.o(.text)
    crm_usb_clock_source_select              0x08000c39   Thumb Code    26  at32f403a_407_crm.o(.text)
    crm_clkout_to_tmr10_enable               0x08000c53   Thumb Code    14  at32f403a_407_crm.o(.text)
    crm_hext_clock_div_set                   0x08000c61   Thumb Code    14  at32f403a_407_crm.o(.text)
    crm_clkout_div_set                       0x08000c6f   Thumb Code    14  at32f403a_407_crm.o(.text)
    flash_flag_get                           0x08000c9d   Thumb Code    90  at32f403a_407_flash.o(.text)
    flash_flag_clear                         0x08000cf7   Thumb Code    50  at32f403a_407_flash.o(.text)
    flash_operation_status_get               0x08000d29   Thumb Code    48  at32f403a_407_flash.o(.text)
    flash_bank1_operation_status_get         0x08000d59   Thumb Code    48  at32f403a_407_flash.o(.text)
    flash_bank2_operation_status_get         0x08000d89   Thumb Code    48  at32f403a_407_flash.o(.text)
    flash_spim_operation_status_get          0x08000db9   Thumb Code    54  at32f403a_407_flash.o(.text)
    flash_operation_wait_for                 0x08000def   Thumb Code    36  at32f403a_407_flash.o(.text)
    flash_bank1_operation_wait_for           0x08000e13   Thumb Code    36  at32f403a_407_flash.o(.text)
    flash_bank2_operation_wait_for           0x08000e37   Thumb Code    36  at32f403a_407_flash.o(.text)
    flash_spim_operation_wait_for            0x08000e5b   Thumb Code    36  at32f403a_407_flash.o(.text)
    flash_unlock                             0x08000e7f   Thumb Code    20  at32f403a_407_flash.o(.text)
    flash_bank1_unlock                       0x08000e93   Thumb Code    12  at32f403a_407_flash.o(.text)
    flash_bank2_unlock                       0x08000e9f   Thumb Code    12  at32f403a_407_flash.o(.text)
    flash_spim_unlock                        0x08000eab   Thumb Code    22  at32f403a_407_flash.o(.text)
    flash_lock                               0x08000ec1   Thumb Code    28  at32f403a_407_flash.o(.text)
    flash_bank1_lock                         0x08000edd   Thumb Code    16  at32f403a_407_flash.o(.text)
    flash_bank2_lock                         0x08000eed   Thumb Code    16  at32f403a_407_flash.o(.text)
    flash_spim_lock                          0x08000efd   Thumb Code    20  at32f403a_407_flash.o(.text)
    flash_spim_dummy_read                    0x08000f11   Thumb Code    16  at32f403a_407_flash.o(.text)
    flash_sector_erase                       0x08000f21   Thumb Code   214  at32f403a_407_flash.o(.text)
    flash_internal_all_erase                 0x08000ff7   Thumb Code   102  at32f403a_407_flash.o(.text)
    flash_bank1_erase                        0x0800105d   Thumb Code    54  at32f403a_407_flash.o(.text)
    flash_bank2_erase                        0x08001093   Thumb Code    84  at32f403a_407_flash.o(.text)
    flash_spim_all_erase                     0x080010e7   Thumb Code    70  at32f403a_407_flash.o(.text)
    flash_fap_status_get                     0x0800112d   Thumb Code    10  at32f403a_407_flash.o(.text)
    flash_user_system_data_erase             0x08001137   Thumb Code   134  at32f403a_407_flash.o(.text)
    flash_word_program                       0x080011bd   Thumb Code   174  at32f403a_407_flash.o(.text)
    flash_halfword_program                   0x0800126b   Thumb Code   174  at32f403a_407_flash.o(.text)
    flash_byte_program                       0x08001319   Thumb Code   116  at32f403a_407_flash.o(.text)
    flash_user_system_data_program           0x0800138d   Thumb Code    88  at32f403a_407_flash.o(.text)
    flash_epp_set                            0x080013e5   Thumb Code   200  at32f403a_407_flash.o(.text)
    flash_epp_status_get                     0x080014ad   Thumb Code    32  at32f403a_407_flash.o(.text)
    flash_fap_enable                         0x080014cd   Thumb Code   124  at32f403a_407_flash.o(.text)
    flash_ssb_set                            0x08001549   Thumb Code    76  at32f403a_407_flash.o(.text)
    flash_ssb_status_get                     0x08001595   Thumb Code    10  at32f403a_407_flash.o(.text)
    flash_interrupt_enable                   0x0800159f   Thumb Code   118  at32f403a_407_flash.o(.text)
    flash_spim_model_select                  0x08001615   Thumb Code    20  at32f403a_407_flash.o(.text)
    flash_spim_encryption_range_set          0x08001629   Thumb Code     8  at32f403a_407_flash.o(.text)
    flash_spim_mass_program                  0x08001631   Thumb Code   138  at32f403a_407_flash.o(.text)
    flash_slib_enable                        0x080016bb   Thumb Code   130  at32f403a_407_flash.o(.text)
    flash_slib_disable                       0x0800173d   Thumb Code    48  at32f403a_407_flash.o(.text)
    flash_slib_remaining_count_get           0x0800176d   Thumb Code    12  at32f403a_407_flash.o(.text)
    flash_slib_state_get                     0x08001779   Thumb Code    20  at32f403a_407_flash.o(.text)
    flash_slib_start_sector_get              0x0800178d   Thumb Code    12  at32f403a_407_flash.o(.text)
    flash_slib_datastart_sector_get          0x08001799   Thumb Code    12  at32f403a_407_flash.o(.text)
    flash_slib_end_sector_get                0x080017a5   Thumb Code    10  at32f403a_407_flash.o(.text)
    flash_crc_calibrate                      0x080017af   Thumb Code    72  at32f403a_407_flash.o(.text)
    gpio_reset                               0x08001815   Thumb Code   140  at32f403a_407_gpio.o(.text)
    gpio_iomux_reset                         0x080018a1   Thumb Code    24  at32f403a_407_gpio.o(.text)
    gpio_init                                0x080018b9   Thumb Code   168  at32f403a_407_gpio.o(.text)
    gpio_default_para_init                   0x08001961   Thumb Code    22  at32f403a_407_gpio.o(.text)
    gpio_input_data_bit_read                 0x08001977   Thumb Code    18  at32f403a_407_gpio.o(.text)
    gpio_input_data_read                     0x08001989   Thumb Code     8  at32f403a_407_gpio.o(.text)
    gpio_output_data_bit_read                0x08001991   Thumb Code    18  at32f403a_407_gpio.o(.text)
    gpio_output_data_read                    0x080019a3   Thumb Code     8  at32f403a_407_gpio.o(.text)
    gpio_bits_set                            0x080019ab   Thumb Code     4  at32f403a_407_gpio.o(.text)
    gpio_bits_reset                          0x080019af   Thumb Code     4  at32f403a_407_gpio.o(.text)
    gpio_bits_toggle                         0x080019b3   Thumb Code    20  at32f403a_407_gpio.o(.text)
    gpio_bits_write                          0x080019c7   Thumb Code    10  at32f403a_407_gpio.o(.text)
    gpio_port_write                          0x080019d1   Thumb Code     4  at32f403a_407_gpio.o(.text)
    gpio_pin_wp_config                       0x080019d5   Thumb Code    18  at32f403a_407_gpio.o(.text)
    gpio_pins_huge_driven_config             0x080019e7   Thumb Code    18  at32f403a_407_gpio.o(.text)
    gpio_event_output_config                 0x080019f9   Thumb Code    22  at32f403a_407_gpio.o(.text)
    gpio_event_output_enable                 0x08001a0f   Thumb Code    14  at32f403a_407_gpio.o(.text)
    gpio_pin_remap_config                    0x08001a1d   Thumb Code    70  at32f403a_407_gpio.o(.text)
    gpio_exint_line_config                   0x08001a63   Thumb Code   158  at32f403a_407_gpio.o(.text)
    nvic_system_reset                        0x08001b1d   Thumb Code    36  at32f403a_407_misc.o(.text)
    nvic_irq_enable                          0x08001b41   Thumb Code   190  at32f403a_407_misc.o(.text)
    nvic_irq_disable                         0x08001bff   Thumb Code    38  at32f403a_407_misc.o(.text)
    nvic_priority_group_config               0x08001c25   Thumb Code    32  at32f403a_407_misc.o(.text)
    nvic_vector_table_set                    0x08001c45   Thumb Code    14  at32f403a_407_misc.o(.text)
    nvic_lowpower_mode_config                0x08001c53   Thumb Code    34  at32f403a_407_misc.o(.text)
    systick_clock_source_config              0x08001c75   Thumb Code    40  at32f403a_407_misc.o(.text)
    tmr_reset                                0x08001cb1   Thumb Code   358  at32f403a_407_tmr.o(.text)
    tmr_counter_enable                       0x08001e17   Thumb Code    10  at32f403a_407_tmr.o(.text)
    tmr_output_default_para_init             0x08001e21   Thumb Code    18  at32f403a_407_tmr.o(.text)
    tmr_input_default_para_init              0x08001e33   Thumb Code    16  at32f403a_407_tmr.o(.text)
    tmr_brkdt_default_para_init              0x08001e43   Thumb Code    18  at32f403a_407_tmr.o(.text)
    tmr_base_init                            0x08001e55   Thumb Code    16  at32f403a_407_tmr.o(.text)
    tmr_clock_source_div_set                 0x08001e65   Thumb Code    10  at32f403a_407_tmr.o(.text)
    tmr_cnt_dir_set                          0x08001e6f   Thumb Code    10  at32f403a_407_tmr.o(.text)
    tmr_repetition_counter_set               0x08001e79   Thumb Code    10  at32f403a_407_tmr.o(.text)
    tmr_counter_value_set                    0x08001e83   Thumb Code     4  at32f403a_407_tmr.o(.text)
    tmr_counter_value_get                    0x08001e87   Thumb Code     6  at32f403a_407_tmr.o(.text)
    tmr_div_value_set                        0x08001e8d   Thumb Code     4  at32f403a_407_tmr.o(.text)
    tmr_div_value_get                        0x08001e91   Thumb Code     6  at32f403a_407_tmr.o(.text)
    tmr_output_channel_config                0x08001e97   Thumb Code   464  at32f403a_407_tmr.o(.text)
    tmr_output_channel_mode_select           0x08002067   Thumb Code   122  at32f403a_407_tmr.o(.text)
    tmr_period_value_set                     0x080020e1   Thumb Code     4  at32f403a_407_tmr.o(.text)
    tmr_period_value_get                     0x080020e5   Thumb Code     6  at32f403a_407_tmr.o(.text)
    tmr_channel_value_set                    0x080020eb   Thumb Code    40  at32f403a_407_tmr.o(.text)
    tmr_channel_value_get                    0x08002113   Thumb Code    46  at32f403a_407_tmr.o(.text)
    tmr_period_buffer_enable                 0x08002141   Thumb Code    10  at32f403a_407_tmr.o(.text)
    tmr_output_channel_buffer_enable         0x0800214b   Thumb Code    66  at32f403a_407_tmr.o(.text)
    tmr_output_channel_immediately_set       0x0800218d   Thumb Code    66  at32f403a_407_tmr.o(.text)
    tmr_output_channel_switch_set            0x080021cf   Thumb Code    66  at32f403a_407_tmr.o(.text)
    tmr_one_cycle_mode_enable                0x08002211   Thumb Code    10  at32f403a_407_tmr.o(.text)
    tmr_32_bit_function_enable               0x0800221b   Thumb Code    22  at32f403a_407_tmr.o(.text)
    tmr_overflow_request_source_set          0x08002231   Thumb Code    10  at32f403a_407_tmr.o(.text)
    tmr_overflow_event_disable               0x0800223b   Thumb Code    10  at32f403a_407_tmr.o(.text)
    tmr_input_channel_init                   0x08002245   Thumb Code   304  at32f403a_407_tmr.o(.text)
    tmr_channel_enable                       0x08002375   Thumb Code    96  at32f403a_407_tmr.o(.text)
    tmr_input_channel_filter_set             0x080023d5   Thumb Code    66  at32f403a_407_tmr.o(.text)
    tmr_pwm_input_config                     0x08002417   Thumb Code   384  at32f403a_407_tmr.o(.text)
    tmr_channel1_input_select                0x08002597   Thumb Code    10  at32f403a_407_tmr.o(.text)
    tmr_input_channel_divider_set            0x080025a1   Thumb Code    66  at32f403a_407_tmr.o(.text)
    tmr_primary_mode_select                  0x080025e3   Thumb Code    10  at32f403a_407_tmr.o(.text)
    tmr_sub_mode_select                      0x080025ed   Thumb Code    10  at32f403a_407_tmr.o(.text)
    tmr_channel_dma_select                   0x080025f7   Thumb Code    14  at32f403a_407_tmr.o(.text)
    tmr_hall_select                          0x08002605   Thumb Code    10  at32f403a_407_tmr.o(.text)
    tmr_channel_buffer_enable                0x0800260f   Thumb Code    10  at32f403a_407_tmr.o(.text)
    tmr_trigger_input_select                 0x08002619   Thumb Code    10  at32f403a_407_tmr.o(.text)
    tmr_sub_sync_mode_set                    0x08002623   Thumb Code    10  at32f403a_407_tmr.o(.text)
    tmr_dma_request_enable                   0x0800262d   Thumb Code    22  at32f403a_407_tmr.o(.text)
    tmr_interrupt_enable                     0x08002643   Thumb Code    22  at32f403a_407_tmr.o(.text)
    tmr_interrupt_flag_get                   0x08002659   Thumb Code    24  at32f403a_407_tmr.o(.text)
    tmr_flag_get                             0x08002671   Thumb Code    18  at32f403a_407_tmr.o(.text)
    tmr_flag_clear                           0x08002683   Thumb Code     6  at32f403a_407_tmr.o(.text)
    tmr_event_sw_trigger                     0x08002689   Thumb Code     8  at32f403a_407_tmr.o(.text)
    tmr_output_enable                        0x08002691   Thumb Code    10  at32f403a_407_tmr.o(.text)
    tmr_internal_clock_set                   0x0800269b   Thumb Code    10  at32f403a_407_tmr.o(.text)
    tmr_output_channel_polarity_set          0x080026a5   Thumb Code    96  at32f403a_407_tmr.o(.text)
    tmr_external_clock_config                0x08002705   Thumb Code    28  at32f403a_407_tmr.o(.text)
    tmr_external_clock_mode1_config          0x08002721   Thumb Code    44  at32f403a_407_tmr.o(.text)
    tmr_external_clock_mode2_config          0x0800274d   Thumb Code    36  at32f403a_407_tmr.o(.text)
    tmr_encoder_mode_config                  0x08002771   Thumb Code    86  at32f403a_407_tmr.o(.text)
    tmr_force_output_set                     0x080027c7   Thumb Code    66  at32f403a_407_tmr.o(.text)
    tmr_dma_control_config                   0x08002809   Thumb Code    18  at32f403a_407_tmr.o(.text)
    tmr_brkdt_config                         0x0800281b   Thumb Code    72  at32f403a_407_tmr.o(.text)
    usart_reset                              0x08002865   Thumb Code   180  at32f403a_407_usart.o(.text)
    usart_init                               0x08002919   Thumb Code   114  at32f403a_407_usart.o(.text)
    usart_parity_selection_config            0x0800298b   Thumb Code    76  at32f403a_407_usart.o(.text)
    usart_enable                             0x080029d7   Thumb Code    10  at32f403a_407_usart.o(.text)
    usart_transmitter_enable                 0x080029e1   Thumb Code    10  at32f403a_407_usart.o(.text)
    usart_receiver_enable                    0x080029eb   Thumb Code    10  at32f403a_407_usart.o(.text)
    usart_clock_config                       0x080029f5   Thumb Code    28  at32f403a_407_usart.o(.text)
    usart_clock_enable                       0x08002a11   Thumb Code    10  at32f403a_407_usart.o(.text)
    usart_interrupt_enable                   0x08002a1b   Thumb Code    54  at32f403a_407_usart.o(.text)
    usart_dma_transmitter_enable             0x08002a51   Thumb Code    10  at32f403a_407_usart.o(.text)
    usart_dma_receiver_enable                0x08002a5b   Thumb Code    10  at32f403a_407_usart.o(.text)
    usart_wakeup_id_set                      0x08002a65   Thumb Code    10  at32f403a_407_usart.o(.text)
    usart_wakeup_mode_set                    0x08002a6f   Thumb Code    10  at32f403a_407_usart.o(.text)
    usart_receiver_mute_enable               0x08002a79   Thumb Code    10  at32f403a_407_usart.o(.text)
    usart_break_bit_num_set                  0x08002a83   Thumb Code    10  at32f403a_407_usart.o(.text)
    usart_lin_mode_enable                    0x08002a8d   Thumb Code    10  at32f403a_407_usart.o(.text)
    usart_data_transmit                      0x08002a97   Thumb Code     8  at32f403a_407_usart.o(.text)
    usart_data_receive                       0x08002a9f   Thumb Code     8  at32f403a_407_usart.o(.text)
    usart_break_send                         0x08002aa7   Thumb Code    12  at32f403a_407_usart.o(.text)
    usart_smartcard_guard_time_set           0x08002ab3   Thumb Code    10  at32f403a_407_usart.o(.text)
    usart_irda_smartcard_division_set        0x08002abd   Thumb Code    10  at32f403a_407_usart.o(.text)
    usart_smartcard_mode_enable              0x08002ac7   Thumb Code    10  at32f403a_407_usart.o(.text)
    usart_smartcard_nack_set                 0x08002ad1   Thumb Code    10  at32f403a_407_usart.o(.text)
    usart_single_line_halfduplex_select      0x08002adb   Thumb Code    10  at32f403a_407_usart.o(.text)
    usart_irda_mode_enable                   0x08002ae5   Thumb Code    10  at32f403a_407_usart.o(.text)
    usart_irda_low_power_enable              0x08002aef   Thumb Code    10  at32f403a_407_usart.o(.text)
    usart_hardware_flow_control_set          0x08002af9   Thumb Code   102  at32f403a_407_usart.o(.text)
    usart_flag_get                           0x08002b5f   Thumb Code    16  at32f403a_407_usart.o(.text)
    usart_interrupt_flag_get                 0x08002b6f   Thumb Code   176  at32f403a_407_usart.o(.text)
    usart_flag_clear                         0x08002c1f   Thumb Code    18  at32f403a_407_usart.o(.text)
    GetTick                                  0x08002c51   Thumb Code     6  delay.o(.text)
    Delay_Init                               0x08002c57   Thumb Code    82  delay.o(.text)
    DelayXms                                 0x08002ca9   Thumb Code    18  delay.o(.text)
    DelayMs                                  0x08002cbb   Thumb Code    60  delay.o(.text)
    Usart1_Init                              0x08002d09   Thumb Code   146  usart.o(.text)
    Usart2_Init                              0x08002d9b   Thumb Code   124  usart.o(.text)
    Usart3_Init                              0x08002e17   Thumb Code   150  usart.o(.text)
    Usart_SendString                         0x08002ead   Thumb Code    50  usart.o(.text)
    UsartPrintf                              0x08002edf   Thumb Code    68  usart.o(.text)
    Read_Card                                0x08002f49   Thumb Code   306  main.o(.text)
    Check_Card                               0x0800307b   Thumb Code   444  main.o(.text)
    Hardware_Init                            0x08003237   Thumb Code    62  main.o(.text)
    main                                     0x08003275   Thumb Code  1258  main.o(.text)
    TMR2_GLOBAL_IRQHandler                   0x0800375f   Thumb Code    38  main.o(.text)
    Broker_Link                              0x08003899   Thumb Code   200  broker.o(.text)
    Broker_FillBuf                           0x08003961   Thumb Code   616  broker.o(.text)
    Broker_SendData                          0x08003bc9   Thumb Code   582  broker.o(.text)
    Broker_Publish                           0x08003e0f   Thumb Code    86  broker.o(.text)
    Broker_Subscribe                         0x08003e65   Thumb Code    74  broker.o(.text)
    Broker_Ping                              0x08003eaf   Thumb Code    38  broker.o(.text)
    Broker_RevPro                            0x08003ed5   Thumb Code   334  broker.o(.text)
    Broker_SendKeepAlive                     0x08004023   Thumb Code    82  broker.o(.text)
    MQTT_NewBuffer                           0x080041d1   Thumb Code    88  mqttkit.o(.text)
    MQTT_DeleteBuffer                        0x08004229   Thumb Code    28  mqttkit.o(.text)
    MQTT_DumpLength                          0x08004245   Thumb Code    46  mqttkit.o(.text)
    MQTT_ReadLength                          0x08004273   Thumb Code    70  mqttkit.o(.text)
    MQTT_UnPacketRecv                        0x080042b9   Thumb Code    92  mqttkit.o(.text)
    MQTT_PacketConnect                       0x08004315   Thumb Code   666  mqttkit.o(.text)
    MQTT_PacketDisConnect                    0x080045af   Thumb Code    48  mqttkit.o(.text)
    MQTT_UnPacketConnectAck                  0x080045df   Thumb Code    30  mqttkit.o(.text)
    MQTT_PacketPublish                       0x080045fd   Thumb Code   440  mqttkit.o(.text)
    MQTT_PacketSaveData                      0x080047b5   Thumb Code    64  mqttkit.o(.text)
    MQTT_PacketSubscribe                     0x080047f5   Thumb Code   272  mqttkit.o(.text)
    MQTT_UnPacketSubscribe                   0x08004905   Thumb Code    52  mqttkit.o(.text)
    MQTT_UnPacketPublish                     0x08004939   Thumb Code   426  mqttkit.o(.text)
    MQTT_PacketPublishAck                    0x08004ae3   Thumb Code    72  mqttkit.o(.text)
    MQTT_UnPacketPublishAck                  0x08004b2b   Thumb Code    30  mqttkit.o(.text)
    MQTT_PacketPing                          0x08004b49   Thumb Code    48  mqttkit.o(.text)
    ESP8266_Clear                            0x08004b79   Thumb Code    20  esp8266.o(.text)
    ESP8266_WaitRecive                       0x08004b8d   Thumb Code    42  esp8266.o(.text)
    ESP8266_SendCmd                          0x08004bb7   Thumb Code    86  esp8266.o(.text)
    ESP8266_ConnectToAP                      0x08004c0d   Thumb Code   186  esp8266.o(.text)
    ESP8266_IsConnected                      0x08004cc7   Thumb Code    36  esp8266.o(.text)
    ESP8266_SendData                         0x08004ceb   Thumb Code    66  esp8266.o(.text)
    ESP8266_GetIPD                           0x08004d2d   Thumb Code    78  esp8266.o(.text)
    ESP8266_Init                             0x08004d7b   Thumb Code   186  esp8266.o(.text)
    USART3_IRQHandler                        0x08004e35   Thumb Code    62  esp8266.o(.text)
    cJSON_GetErrorPtr                        0x08004ff5   Thumb Code     6  cjson.o(.text)
    cJSON_InitHooks                          0x0800506f   Thumb Code    48  cjson.o(.text)
    cJSON_Delete                             0x080050b9   Thumb Code    82  cjson.o(.text)
    cJSON_ParseWithOpts                      0x08005cc3   Thumb Code   150  cjson.o(.text)
    cJSON_Parse                              0x08005d59   Thumb Code    16  cjson.o(.text)
    cJSON_Print                              0x080064e9   Thumb Code    18  cjson.o(.text)
    cJSON_PrintUnformatted                   0x080064fb   Thumb Code    18  cjson.o(.text)
    cJSON_PrintBuffered                      0x0800650d   Thumb Code    52  cjson.o(.text)
    cJSON_GetArraySize                       0x08006541   Thumb Code    18  cjson.o(.text)
    cJSON_GetArrayItem                       0x08006553   Thumb Code    18  cjson.o(.text)
    cJSON_GetObjectItem                      0x08006565   Thumb Code    30  cjson.o(.text)
    cJSON_AddItemToArray                     0x080065b9   Thumb Code    42  cjson.o(.text)
    cJSON_AddItemToObject                    0x080065e3   Thumb Code    44  cjson.o(.text)
    cJSON_AddItemToObjectCS                  0x0800660f   Thumb Code    54  cjson.o(.text)
    cJSON_AddItemReferenceToArray            0x08006645   Thumb Code    24  cjson.o(.text)
    cJSON_AddItemReferenceToObject           0x0800665d   Thumb Code    32  cjson.o(.text)
    cJSON_DetachItemFromArray                0x0800667d   Thumb Code    66  cjson.o(.text)
    cJSON_DeleteItemFromArray                0x080066bf   Thumb Code    22  cjson.o(.text)
    cJSON_DetachItemFromObject               0x080066d5   Thumb Code    50  cjson.o(.text)
    cJSON_DeleteItemFromObject               0x08006707   Thumb Code    22  cjson.o(.text)
    cJSON_InsertItemInArray                  0x0800671d   Thumb Code    64  cjson.o(.text)
    cJSON_ReplaceItemInArray                 0x0800675d   Thumb Code    76  cjson.o(.text)
    cJSON_ReplaceItemInObject                0x080067a9   Thumb Code    62  cjson.o(.text)
    cJSON_CreateNull                         0x080067e7   Thumb Code    18  cjson.o(.text)
    cJSON_CreateTrue                         0x080067f9   Thumb Code    18  cjson.o(.text)
    cJSON_CreateFalse                        0x0800680b   Thumb Code    18  cjson.o(.text)
    cJSON_CreateBool                         0x0800681d   Thumb Code    26  cjson.o(.text)
    cJSON_CreateNumber                       0x08006837   Thumb Code    48  cjson.o(.text)
    cJSON_CreateString                       0x08006867   Thumb Code    28  cjson.o(.text)
    cJSON_CreateArray                        0x08006883   Thumb Code    18  cjson.o(.text)
    cJSON_CreateObject                       0x08006895   Thumb Code    18  cjson.o(.text)
    cJSON_CreateIntArray                     0x080068a7   Thumb Code    86  cjson.o(.text)
    cJSON_CreateFloatArray                   0x080068fd   Thumb Code    96  cjson.o(.text)
    cJSON_CreateDoubleArray                  0x0800695d   Thumb Code    74  cjson.o(.text)
    cJSON_CreateStringArray                  0x080069a7   Thumb Code    66  cjson.o(.text)
    cJSON_Duplicate                          0x080069e9   Thumb Code   172  cjson.o(.text)
    cJSON_Minify                             0x08006a95   Thumb Code   186  cjson.o(.text)
    OLED_I2C_Init                            0x08006b51   Thumb Code   104  oled.o(.text)
    OLED_I2C_Start                           0x08006bb9   Thumb Code    48  oled.o(.text)
    OLED_I2C_Stop                            0x08006be9   Thumb Code    36  oled.o(.text)
    OLED_I2C_SendByte                        0x08006c0d   Thumb Code    88  oled.o(.text)
    OLED_WriteCommand                        0x08006c65   Thumb Code    32  oled.o(.text)
    OLED_WriteData                           0x08006c85   Thumb Code    32  oled.o(.text)
    OLED_SetCursor                           0x08006ca5   Thumb Code    34  oled.o(.text)
    OLED_Clear                               0x08006cc7   Thumb Code    42  oled.o(.text)
    OLED_ShowChar                            0x08006cf1   Thumb Code   110  oled.o(.text)
    OLED_ShowString                          0x08006d5f   Thumb Code   104  oled.o(.text)
    OLED_Pow                                 0x08006dc7   Thumb Code    20  oled.o(.text)
    OLED_ShowNum                             0x08006ddb   Thumb Code    68  oled.o(.text)
    OLED_ShowSignedNum                       0x08006e1f   Thumb Code   102  oled.o(.text)
    OLED_ShowHexNum                          0x08006e85   Thumb Code    84  oled.o(.text)
    OLED_ShowBinNum                          0x08006ed9   Thumb Code    62  oled.o(.text)
    OLED_Init                                0x08006f17   Thumb Code   192  oled.o(.text)
    OLED_ShowCN                              0x08006fd7   Thumb Code   102  oled.o(.text)
    OLED_ShowCNString                        0x0800703d   Thumb Code    46  oled.o(.text)
    OLED_ClearLines                          0x0800706b   Thumb Code    88  oled.o(.text)
    Timer_Init                               0x080070c9   Thumb Code   166  timer.o(.text)
    TMR3_GLOBAL_IRQHandler                   0x0800716f   Thumb Code    32  timer.o(.text)
    FLASH_W                                  0x08007199   Thumb Code    78  flash.o(.text)
    FLASH_W3                                 0x080071e7   Thumb Code    88  flash.o(.text)
    FLASH_W4                                 0x0800723f   Thumb Code   146  flash.o(.text)
    FLASH_W2                                 0x080072d1   Thumb Code    42  flash.o(.text)
    FLASH_R                                  0x080072fb   Thumb Code     6  flash.o(.text)
    FLASH_R2                                 0x08007301   Thumb Code     6  flash.o(.text)
    FLASH_Clear                              0x08007307   Thumb Code    32  flash.o(.text)
    WIFI_SaveConfig                          0x08007327   Thumb Code   122  flash.o(.text)
    WIFI_LoadConfig                          0x080073a1   Thumb Code   126  flash.o(.text)
    RSSI_Filter                              0x08007425   Thumb Code    20  rfid.o(.text)
    RFID_CheckDuplicate                      0x08007439   Thumb Code   350  rfid.o(.text)
    RFID_CleanExpired                        0x08007597   Thumb Code    64  rfid.o(.text)
    Get_Checksum                             0x080075d7   Thumb Code    54  rfid.o(.text)
    Serial_SendByte                          0x0800760d   Thumb Code    28  rfid.o(.text)
    Serial_SendArray                         0x08007629   Thumb Code    26  rfid.o(.text)
    Serial_SendString                        0x08007643   Thumb Code    26  rfid.o(.text)
    Serial_Pow                               0x0800765d   Thumb Code    20  rfid.o(.text)
    Serial_SendNumber                        0x08007671   Thumb Code    58  rfid.o(.text)
    RFID_SearchOnce                          0x080076ab   Thumb Code   148  rfid.o(.text)
    RFID_GetRxFlag                           0x0800773f   Thumb Code    22  rfid.o(.text)
    RFID_Clear                               0x08007755   Thumb Code    20  rfid.o(.text)
    RFID_Unpacket                            0x08007769   Thumb Code   148  rfid.o(.text)
    USART1_IRQHandler                        0x080077fd   Thumb Code   140  rfid.o(.text)
    malloc                                   0x08007891   Thumb Code    94  h1_alloc.o(.text)
    free                                     0x080078ef   Thumb Code    78  h1_free.o(.text)
    tolower                                  0x0800793d   Thumb Code    26  tolower.o(.text)
    vsnprintf                                0x08007959   Thumb Code    48  vsnprintf.o(.text)
    __2sprintf                               0x0800798d   Thumb Code    38  __2sprintf.o(.text)
    __2snprintf                              0x080079b9   Thumb Code    50  __2snprintf.o(.text)
    _printf_pre_padding                      0x080079f1   Thumb Code    44  _printf_pad.o(.text)
    _printf_post_padding                     0x08007a1d   Thumb Code    34  _printf_pad.o(.text)
    _printf_str                              0x08007a3f   Thumb Code    82  _printf_str.o(.text)
    _printf_int_dec                          0x08007a91   Thumb Code   104  _printf_dec.o(.text)
    _printf_longlong_hex                     0x08007b09   Thumb Code    86  _printf_hex_int_ll_ptr.o(.text)
    _printf_int_hex                          0x08007b5f   Thumb Code    28  _printf_hex_int_ll_ptr.o(.text)
    _printf_ll_hex                           0x08007b7b   Thumb Code    12  _printf_hex_int_ll_ptr.o(.text)
    _printf_hex_ptr                          0x08007b87   Thumb Code    18  _printf_hex_int_ll_ptr.o(.text)
    __printf                                 0x08007b9d   Thumb Code   388  __printf_flags_ss_wp.o(.text)
    strchr                                   0x08007d25   Thumb Code    20  strchr.o(.text)
    strncat                                  0x08007d39   Thumb Code    36  strncat.o(.text)
    strstr                                   0x08007d5d   Thumb Code    36  strstr.o(.text)
    memcmp                                   0x08007d81   Thumb Code    88  memcmp.o(.text)
    strcpy                                   0x08007dd9   Thumb Code    72  strcpy.o(.text)
    strlen                                   0x08007e21   Thumb Code    62  strlen.o(.text)
    strncmp                                  0x08007e5f   Thumb Code   150  strncmp.o(.text)
    strcat                                   0x08007ef5   Thumb Code    24  strcat.o(.text)
    __aeabi_memcpy                           0x08007f0d   Thumb Code     0  rt_memcpy_v6.o(.text)
    __rt_memcpy                              0x08007f0d   Thumb Code   138  rt_memcpy_v6.o(.text)
    _memcpy_lastbytes                        0x08007f73   Thumb Code     0  rt_memcpy_v6.o(.text)
    __aeabi_memcpy4                          0x08007f97   Thumb Code     0  rt_memcpy_w.o(.text)
    __aeabi_memcpy8                          0x08007f97   Thumb Code     0  rt_memcpy_w.o(.text)
    __rt_memcpy_w                            0x08007f97   Thumb Code   100  rt_memcpy_w.o(.text)
    _memcpy_lastbytes_aligned                0x08007fdf   Thumb Code     0  rt_memcpy_w.o(.text)
    __aeabi_memset                           0x08007ffb   Thumb Code    16  aeabi_memset.o(.text)
    __aeabi_memclr                           0x0800800b   Thumb Code     0  rt_memclr.o(.text)
    __rt_memclr                              0x0800800b   Thumb Code    68  rt_memclr.o(.text)
    _memset                                  0x0800800f   Thumb Code     0  rt_memclr.o(.text)
    __aeabi_memclr4                          0x0800804f   Thumb Code     0  rt_memclr_w.o(.text)
    __aeabi_memclr8                          0x0800804f   Thumb Code     0  rt_memclr_w.o(.text)
    __rt_memclr_w                            0x0800804f   Thumb Code    78  rt_memclr_w.o(.text)
    _memset_w                                0x08008053   Thumb Code     0  rt_memclr_w.o(.text)
    __use_two_region_memory                  0x0800809d   Thumb Code     2  heapauxi.o(.text)
    __rt_heap_escrow                         0x0800809f   Thumb Code     2  heapauxi.o(.text)
    __rt_heap_expand                         0x080080a1   Thumb Code     2  heapauxi.o(.text)
    __rt_ctype_table                         0x080080a5   Thumb Code    16  rt_ctype_table.o(.text)
    __rt_heap_descriptor                     0x080080b5   Thumb Code     8  rt_heap_descriptor_intlibspace.o(.text)
    __use_no_heap                            0x080080bd   Thumb Code     2  hguard.o(.text)
    __heap$guard                             0x080080bf   Thumb Code     2  hguard.o(.text)
    _terminate_user_alloc                    0x080080c1   Thumb Code     2  init_alloc.o(.text)
    _init_user_alloc                         0x080080c3   Thumb Code     2  init_alloc.o(.text)
    __Heap_Full                              0x080080c5   Thumb Code    34  init_alloc.o(.text)
    __Heap_Broken                            0x080080e7   Thumb Code     6  init_alloc.o(.text)
    _init_alloc                              0x080080ed   Thumb Code    94  init_alloc.o(.text)
    __Heap_Initialize                        0x0800814b   Thumb Code    10  h1_init.o(.text)
    __Heap_DescSize                          0x08008155   Thumb Code     4  h1_init.o(.text)
    __read_errno                             0x08008159   Thumb Code    10  _rserrno.o(.text)
    __set_errno                              0x08008163   Thumb Code    12  _rserrno.o(.text)
    _printf_truncate_signed                  0x0800816f   Thumb Code    18  _printf_truncate.o(.text)
    _printf_truncate_unsigned                0x08008181   Thumb Code    18  _printf_truncate.o(.text)
    _printf_int_common                       0x08008193   Thumb Code   178  _printf_intcommon.o(.text)
    _printf_charcount                        0x08008245   Thumb Code    40  _printf_charcount.o(.text)
    __lib_sel_fp_printf                      0x0800826d   Thumb Code     2  _printf_fp_dec.o(.text)
    _printf_fp_dec_real                      0x0800841f   Thumb Code   620  _printf_fp_dec.o(.text)
    _printf_char_common                      0x08008697   Thumb Code    32  _printf_char_common.o(.text)
    _sputc                                   0x080086bd   Thumb Code    10  _sputc.o(.text)
    _snputc                                  0x080086c7   Thumb Code    16  _snputc.o(.text)
    _printf_cs_common                        0x080086d7   Thumb Code    20  _printf_char.o(.text)
    _printf_char                             0x080086eb   Thumb Code    16  _printf_char.o(.text)
    _printf_string                           0x080086fb   Thumb Code     8  _printf_char.o(.text)
    _printf_wctomb                           0x08008705   Thumb Code   182  _printf_wctomb.o(.text)
    _printf_longlong_dec                     0x080087c1   Thumb Code   108  _printf_longlong_dec.o(.text)
    _printf_longlong_oct                     0x0800883d   Thumb Code    66  _printf_oct_int_ll.o(.text)
    _printf_int_oct                          0x0800887f   Thumb Code    24  _printf_oct_int_ll.o(.text)
    _printf_ll_oct                           0x08008897   Thumb Code    12  _printf_oct_int_ll.o(.text)
    __user_libspace                          0x080088ad   Thumb Code     8  libspace.o(.text)
    __user_perproc_libspace                  0x080088ad   Thumb Code     0  libspace.o(.text)
    __user_perthread_libspace                0x080088ad   Thumb Code     0  libspace.o(.text)
    __rt_locale                              0x080088b5   Thumb Code     8  rt_locale_intlibspace.o(.text)
    __aeabi_errno_addr                       0x080088bd   Thumb Code     8  rt_errno_addr_intlibspace.o(.text)
    __errno$intlibspace                      0x080088bd   Thumb Code     0  rt_errno_addr_intlibspace.o(.text)
    __rt_errno_addr$intlibspace              0x080088bd   Thumb Code     0  rt_errno_addr_intlibspace.o(.text)
    __Heap_ProvideMemory                     0x080088c5   Thumb Code    52  h1_extend.o(.text)
    _ll_udiv10                               0x080088f9   Thumb Code   138  lludiv10.o(.text)
    _printf_fp_hex_real                      0x08008985   Thumb Code   756  _printf_fp_hex.o(.text)
    _printf_fp_infnan                        0x08008c81   Thumb Code   112  _printf_fp_infnan.o(.text)
    _printf_lcs_common                       0x08008d01   Thumb Code    20  _printf_wchar.o(.text)
    _printf_wchar                            0x08008d15   Thumb Code    16  _printf_wchar.o(.text)
    _printf_wstring                          0x08008d25   Thumb Code     8  _printf_wchar.o(.text)
    _btod_etento                             0x08008d2d   Thumb Code   224  bigflt0.o(.text)
    _wcrtomb                                 0x08008e11   Thumb Code    64  _wcrtomb.o(.text)
    __rt_SIGRTMEM                            0x08008e51   Thumb Code    14  defsig_rtmem_outer.o(.text)
    __I$use$semihosting                      0x08008e5f   Thumb Code     0  use_no_semi.o(.text)
    __use_no_semihosting_swi                 0x08008e5f   Thumb Code     2  use_no_semi.o(.text)
    __semihosting_library_function           0x08008e61   Thumb Code     0  indicate_semi.o(.text)
    __user_setup_stackheap                   0x08008e61   Thumb Code    74  sys_stackheap_outer.o(.text)
    exit                                     0x08008eab   Thumb Code    18  exit.o(.text)
    __sig_exit                               0x08008ebd   Thumb Code    10  defsig_exit.o(.text)
    __rt_SIGRTMEM_inner                      0x08008ec9   Thumb Code    22  defsig_rtmem_inner.o(.text)
    strcmp                                   0x08008f19   Thumb Code   128  strcmpv7m.o(.text)
    _sys_exit                                0x08008f99   Thumb Code     8  sys_exit.o(.text)
    __default_signal_display                 0x08008fa5   Thumb Code    50  defsig_general.o(.text)
    _ttywrch                                 0x08008fd7   Thumb Code    14  sys_wrch.o(.text)
    _btod_d2e                                0x08008fe5   Thumb Code    62  btod.o(CL$$btod_d2e)
    _d2e_denorm_low                          0x08009023   Thumb Code    70  btod.o(CL$$btod_d2e_denorm_low)
    _d2e_norm_op1                            0x08009069   Thumb Code    96  btod.o(CL$$btod_d2e_norm_op1)
    __btod_div_common                        0x080090c9   Thumb Code   696  btod.o(CL$$btod_div_common)
    _e2e                                     0x08009401   Thumb Code   220  btod.o(CL$$btod_e2e)
    _btod_ediv                               0x080094dd   Thumb Code    42  btod.o(CL$$btod_ediv)
    _btod_emul                               0x08009507   Thumb Code    42  btod.o(CL$$btod_emul)
    __btod_mult_common                       0x08009531   Thumb Code   580  btod.o(CL$$btod_mult_common)
    __ARM_fpclassify                         0x08009775   Thumb Code    48  fpclassify.o(i.__ARM_fpclassify)
    __hardfp_fabs                            0x080097a5   Thumb Code    20  fabs.o(i.__hardfp_fabs)
    __hardfp_floor                           0x080097b9   Thumb Code   252  floor.o(i.__hardfp_floor)
    __hardfp_pow                             0x080098d1   Thumb Code  3072  pow.o(i.__hardfp_pow)
    __kernel_poly                            0x0800a521   Thumb Code   248  poly.o(i.__kernel_poly)
    __mathlib_dbl_divzero                    0x0800a619   Thumb Code    28  dunder.o(i.__mathlib_dbl_divzero)
    __mathlib_dbl_infnan2                    0x0800a649   Thumb Code    20  dunder.o(i.__mathlib_dbl_infnan2)
    __mathlib_dbl_invalid                    0x0800a661   Thumb Code    24  dunder.o(i.__mathlib_dbl_invalid)
    __mathlib_dbl_overflow                   0x0800a681   Thumb Code    24  dunder.o(i.__mathlib_dbl_overflow)
    __mathlib_dbl_underflow                  0x0800a6a1   Thumb Code    24  dunder.o(i.__mathlib_dbl_underflow)
    _is_digit                                0x0800a6c1   Thumb Code    14  __printf_wp.o(i._is_digit)
    fabs                                     0x0800a6cf   Thumb Code    24  fabs.o(i.fabs)
    sqrt                                     0x0800a6e7   Thumb Code   110  sqrt.o(i.sqrt)
    _get_lc_ctype                            0x0800a755   Thumb Code    44  lc_ctype_c.o(locale$$code)
    _get_lc_numeric                          0x0800a781   Thumb Code    44  lc_numeric_c.o(locale$$code)
    __aeabi_dneg                             0x0800a7ad   Thumb Code     0  basic.o(x$fpl$basic)
    _dneg                                    0x0800a7ad   Thumb Code     6  basic.o(x$fpl$basic)
    __aeabi_fneg                             0x0800a7b3   Thumb Code     0  basic.o(x$fpl$basic)
    _fneg                                    0x0800a7b3   Thumb Code     6  basic.o(x$fpl$basic)
    _dabs                                    0x0800a7b9   Thumb Code     6  basic.o(x$fpl$basic)
    _fabs                                    0x0800a7bf   Thumb Code     6  basic.o(x$fpl$basic)
    __aeabi_dadd                             0x0800a7c5   Thumb Code     0  daddsub_clz.o(x$fpl$dadd)
    _dadd                                    0x0800a7c5   Thumb Code   332  daddsub_clz.o(x$fpl$dadd)
    __fpl_dcheck_NaN1                        0x0800a915   Thumb Code    10  dcheck1.o(x$fpl$dcheck1)
    __fpl_dcmp_Inf                           0x0800a925   Thumb Code    24  dcmpi.o(x$fpl$dcmpinf)
    __aeabi_ddiv                             0x0800a93d   Thumb Code     0  ddiv.o(x$fpl$ddiv)
    _ddiv                                    0x0800a93d   Thumb Code   552  ddiv.o(x$fpl$ddiv)
    __aeabi_cdcmpeq                          0x0800abed   Thumb Code     0  deqf.o(x$fpl$deqf)
    _dcmpeq                                  0x0800abed   Thumb Code   120  deqf.o(x$fpl$deqf)
    __aeabi_d2iz                             0x0800ac65   Thumb Code     0  dfix.o(x$fpl$dfix)
    _dfix                                    0x0800ac65   Thumb Code    94  dfix.o(x$fpl$dfix)
    __aeabi_i2d                              0x0800acc3   Thumb Code     0  dflt_clz.o(x$fpl$dflt)
    _dflt                                    0x0800acc3   Thumb Code    46  dflt_clz.o(x$fpl$dflt)
    __aeabi_cdcmple                          0x0800acf1   Thumb Code     0  dleqf.o(x$fpl$dleqf)
    _dcmple                                  0x0800acf1   Thumb Code   120  dleqf.o(x$fpl$dleqf)
    __fpl_dcmple_InfNaN                      0x0800ad53   Thumb Code     0  dleqf.o(x$fpl$dleqf)
    __aeabi_dmul                             0x0800ad69   Thumb Code     0  dmul.o(x$fpl$dmul)
    _dmul                                    0x0800ad69   Thumb Code   332  dmul.o(x$fpl$dmul)
    __fpl_dnaninf                            0x0800aebd   Thumb Code   156  dnaninf.o(x$fpl$dnaninf)
    __fpl_dretinf                            0x0800af59   Thumb Code    12  dretinf.o(x$fpl$dretinf)
    __aeabi_cdrcmple                         0x0800af65   Thumb Code     0  drleqf.o(x$fpl$drleqf)
    _drcmple                                 0x0800af65   Thumb Code   108  drleqf.o(x$fpl$drleqf)
    __aeabi_drsub                            0x0800afd1   Thumb Code     0  daddsub_clz.o(x$fpl$drsb)
    _drsb                                    0x0800afd1   Thumb Code    22  daddsub_clz.o(x$fpl$drsb)
    _dsqrt                                   0x0800afe9   Thumb Code   404  dsqrt_umaal.o(x$fpl$dsqrt)
    __aeabi_dsub                             0x0800b181   Thumb Code     0  daddsub_clz.o(x$fpl$dsub)
    _dsub                                    0x0800b181   Thumb Code   464  daddsub_clz.o(x$fpl$dsub)
    __aeabi_f2d                              0x0800b355   Thumb Code     0  f2d.o(x$fpl$f2d)
    _f2d                                     0x0800b355   Thumb Code    86  f2d.o(x$fpl$f2d)
    __fpl_fnaninf                            0x0800b3ab   Thumb Code   140  fnaninf.o(x$fpl$fnaninf)
    _fp_init                                 0x0800b437   Thumb Code    10  fpinit.o(x$fpl$fpinit)
    __fplib_config_fpu_vfp                   0x0800b43f   Thumb Code     0  fpinit.o(x$fpl$fpinit)
    __fplib_config_pureend_doubles           0x0800b43f   Thumb Code     0  fpinit.o(x$fpl$fpinit)
    _printf_fp_dec                           0x0800b441   Thumb Code     4  printf1.o(x$fpl$printf1)
    _printf_fp_hex                           0x0800b445   Thumb Code     4  printf2.o(x$fpl$printf2)
    __fpl_return_NaN                         0x0800b449   Thumb Code   100  retnan.o(x$fpl$retnan)
    __ARM_scalbn                             0x0800b4ad   Thumb Code    92  scalbn.o(x$fpl$scalbn)
    __fpl_cmpreturn                          0x0800b509   Thumb Code    48  trapv.o(x$fpl$trapveneer)
    __I$use$fp                               0x0800b538   Number         0  usenofp.o(x$fpl$usenofp)
    OLED_F8x16                               0x0800b5b3   Data        1520  oled.o(.constdata)
    Hz16x16                                  0x0800bba3   Data        2752  oled.o(.constdata)
    __mathlib_zero                           0x0800c730   Data           8  qnan.o(.constdata)
    Region$$Table$$Base                      0x0800c890   Number         0  anon$$obj.o(Region$$Table)
    Region$$Table$$Limit                     0x0800c8b0   Number         0  anon$$obj.o(Region$$Table)
    __ctype                                  0x0800c8bd   Data           0  lc_ctype_c.o(locale$$data)
    system_core_clock                        0x20000000   Data           4  system_at32f403a_407.o(.data)
    UsCount                                  0x20000004   Data           1  delay.o(.data)
    MsCount                                  0x20000006   Data           2  delay.o(.data)
    g_msTicks                                0x20000008   Data           4  delay.o(.data)
    clear_from                               0x2000000c   Data           1  main.o(.data)
    clear_to                                 0x2000000d   Data           1  main.o(.data)
    clear_req                                0x2000000e   Data           1  main.o(.data)
    tempcard                                 0x2000000f   Data           1  main.o(.data)
    flash_w_flag                             0x20000010   Data           4  main.o(.data)
    lost_heartbeat                           0x20000014   Data           4  main.o(.data)
    search                                   0x2000001c   Data           1  main.o(.data)
    respond                                  0x20000024   Data           1  broker.o(.data)
    esp8266_cnt                              0x20000028   Data           2  esp8266.o(.data)
    esp8266_cntPre                           0x2000002a   Data           2  esp8266.o(.data)
    RFID_TxPacket                            0x20000038   Data           7  rfid.o(.data)
    RFID_cnt                                 0x20000040   Data           4  rfid.o(.data)
    RFID_cntPre                              0x20000044   Data           4  rfid.o(.data)
    RFID_RxFlag                              0x20000048   Data           1  rfid.o(.data)
    RSSI                                     0x20000049   Data           1  rfid.o(.data)
    oled_str                                 0x2000045c   Data          50  main.o(.bss)
    ID_temp                                  0x2000048e   Data         120  main.o(.bss)
    new_objetct                              0x20000508   Data        1080  main.o(.bss)
    send_settting                            0x20000940   Data          12  main.o(.bss)
    esp8266_buf                              0x2000094c   Data         512  esp8266.o(.bss)
    RFID_buf                                 0x20000b4c   Data         512  rfid.o(.bss)
    RFIDCard                                 0x20000d4c   Data          12  rfid.o(.bss)
    tagCache                                 0x20000d58   Data         200  rfid.o(.bss)
    __libspace_start                         0x20000e20   Data          96  libspace.o(.bss)
    __temporary_stack_top$libspace           0x20000e80   Data           0  libspace.o(.bss)



==============================================================================

Memory Map of the image

  Image Entry point : 0x08000185

  Load Region LR_IROM1 (Base: 0x08000000, Size: 0x0000ca38, Max: 0x00100000, ABSOLUTE)

    Execution Region ER_IROM1 (Exec base: 0x08000000, Load base: 0x08000000, Size: 0x0000c9dc, Max: 0x00100000, ABSOLUTE)

    Exec Addr    Load Addr    Size         Type   Attr      Idx    E Section Name        Object

    0x08000000   0x08000000   0x00000184   Data   RO          186    RESET               startup_at32f403a_407.o
    0x08000184   0x08000184   0x00000008   Code   RO         1394  * !!!main             c_w.l(__main.o)
    0x0800018c   0x0800018c   0x00000034   Code   RO         1818    !!!scatter          c_w.l(__scatter.o)
    0x080001c0   0x080001c0   0x0000001a   Code   RO         1820    !!handler_copy      c_w.l(__scatter_copy.o)
    0x080001da   0x080001da   0x00000002   PAD
    0x080001dc   0x080001dc   0x0000001c   Code   RO         1822    !!handler_zi        c_w.l(__scatter_zi.o)
    0x080001f8   0x080001f8   0x00000000   Code   RO         1365    .ARM.Collect$$_printf_percent$$00000000  c_w.l(_printf_percent.o)
    0x080001f8   0x080001f8   0x00000006   Code   RO         1510    .ARM.Collect$$_printf_percent$$00000001  c_w.l(_printf_n.o)
    0x080001fe   0x080001fe   0x00000006   Code   RO         1511    .ARM.Collect$$_printf_percent$$00000002  c_w.l(_printf_p.o)
    0x08000204   0x08000204   0x00000006   Code   RO         1363    .ARM.Collect$$_printf_percent$$00000003  c_w.l(_printf_f.o)
    0x0800020a   0x0800020a   0x00000006   Code   RO         1364    .ARM.Collect$$_printf_percent$$00000004  c_w.l(_printf_e.o)
    0x08000210   0x08000210   0x00000006   Code   RO         1515    .ARM.Collect$$_printf_percent$$00000005  c_w.l(_printf_g.o)
    0x08000216   0x08000216   0x00000006   Code   RO         1516    .ARM.Collect$$_printf_percent$$00000006  c_w.l(_printf_a.o)
    0x0800021c   0x0800021c   0x0000000a   Code   RO         1521    .ARM.Collect$$_printf_percent$$00000007  c_w.l(_printf_ll.o)
    0x08000226   0x08000226   0x00000006   Code   RO         1513    .ARM.Collect$$_printf_percent$$00000008  c_w.l(_printf_i.o)
    0x0800022c   0x0800022c   0x00000006   Code   RO         1362    .ARM.Collect$$_printf_percent$$00000009  c_w.l(_printf_d.o)
    0x08000232   0x08000232   0x00000006   Code   RO         1514    .ARM.Collect$$_printf_percent$$0000000A  c_w.l(_printf_u.o)
    0x08000238   0x08000238   0x00000006   Code   RO         1512    .ARM.Collect$$_printf_percent$$0000000B  c_w.l(_printf_o.o)
    0x0800023e   0x0800023e   0x00000006   Code   RO         1361    .ARM.Collect$$_printf_percent$$0000000C  c_w.l(_printf_x.o)
    0x08000244   0x08000244   0x00000006   Code   RO         1518    .ARM.Collect$$_printf_percent$$0000000D  c_w.l(_printf_lli.o)
    0x0800024a   0x0800024a   0x00000006   Code   RO         1519    .ARM.Collect$$_printf_percent$$0000000E  c_w.l(_printf_lld.o)
    0x08000250   0x08000250   0x00000006   Code   RO         1520    .ARM.Collect$$_printf_percent$$0000000F  c_w.l(_printf_llu.o)
    0x08000256   0x08000256   0x00000006   Code   RO         1525    .ARM.Collect$$_printf_percent$$00000010  c_w.l(_printf_llo.o)
    0x0800025c   0x0800025c   0x00000006   Code   RO         1526    .ARM.Collect$$_printf_percent$$00000011  c_w.l(_printf_llx.o)
    0x08000262   0x08000262   0x0000000a   Code   RO         1522    .ARM.Collect$$_printf_percent$$00000012  c_w.l(_printf_l.o)
    0x0800026c   0x0800026c   0x00000006   Code   RO         1509    .ARM.Collect$$_printf_percent$$00000013  c_w.l(_printf_c.o)
    0x08000272   0x08000272   0x00000006   Code   RO         1360    .ARM.Collect$$_printf_percent$$00000014  c_w.l(_printf_s.o)
    0x08000278   0x08000278   0x00000006   Code   RO         1523    .ARM.Collect$$_printf_percent$$00000015  c_w.l(_printf_lc.o)
    0x0800027e   0x0800027e   0x00000006   Code   RO         1524    .ARM.Collect$$_printf_percent$$00000016  c_w.l(_printf_ls.o)
    0x08000284   0x08000284   0x00000004   Code   RO         1517    .ARM.Collect$$_printf_percent$$00000017  c_w.l(_printf_percent_end.o)
    0x08000288   0x08000288   0x00000002   Code   RO         1753    .ARM.Collect$$libinit$$00000000  c_w.l(libinit.o)
    0x0800028a   0x0800028a   0x00000004   Code   RO         1529    .ARM.Collect$$libinit$$00000001  c_w.l(libinit2.o)
    0x0800028e   0x0800028e   0x00000000   Code   RO         1532    .ARM.Collect$$libinit$$00000004  c_w.l(libinit2.o)
    0x0800028e   0x0800028e   0x00000008   Code   RO         1533    .ARM.Collect$$libinit$$00000005  c_w.l(libinit2.o)
    0x08000296   0x08000296   0x00000000   Code   RO         1535    .ARM.Collect$$libinit$$0000000A  c_w.l(libinit2.o)
    0x08000296   0x08000296   0x00000000   Code   RO         1537    .ARM.Collect$$libinit$$0000000C  c_w.l(libinit2.o)
    0x08000296   0x08000296   0x00000000   Code   RO         1539    .ARM.Collect$$libinit$$0000000E  c_w.l(libinit2.o)
    0x08000296   0x08000296   0x00000006   Code   RO         1540    .ARM.Collect$$libinit$$0000000F  c_w.l(libinit2.o)
    0x0800029c   0x0800029c   0x00000000   Code   RO         1542    .ARM.Collect$$libinit$$00000011  c_w.l(libinit2.o)
    0x0800029c   0x0800029c   0x0000000c   Code   RO         1543    .ARM.Collect$$libinit$$00000012  c_w.l(libinit2.o)
    0x080002a8   0x080002a8   0x00000000   Code   RO         1544    .ARM.Collect$$libinit$$00000013  c_w.l(libinit2.o)
    0x080002a8   0x080002a8   0x00000000   Code   RO         1546    .ARM.Collect$$libinit$$00000015  c_w.l(libinit2.o)
    0x080002a8   0x080002a8   0x0000000a   Code   RO         1547    .ARM.Collect$$libinit$$00000016  c_w.l(libinit2.o)
    0x080002b2   0x080002b2   0x00000000   Code   RO         1548    .ARM.Collect$$libinit$$00000017  c_w.l(libinit2.o)
    0x080002b2   0x080002b2   0x00000000   Code   RO         1550    .ARM.Collect$$libinit$$00000019  c_w.l(libinit2.o)
    0x080002b2   0x080002b2   0x00000000   Code   RO         1552    .ARM.Collect$$libinit$$0000001B  c_w.l(libinit2.o)
    0x080002b2   0x080002b2   0x00000000   Code   RO         1554    .ARM.Collect$$libinit$$0000001D  c_w.l(libinit2.o)
    0x080002b2   0x080002b2   0x00000000   Code   RO         1556    .ARM.Collect$$libinit$$0000001F  c_w.l(libinit2.o)
    0x080002b2   0x080002b2   0x00000000   Code   RO         1558    .ARM.Collect$$libinit$$00000021  c_w.l(libinit2.o)
    0x080002b2   0x080002b2   0x00000000   Code   RO         1560    .ARM.Collect$$libinit$$00000023  c_w.l(libinit2.o)
    0x080002b2   0x080002b2   0x00000000   Code   RO         1562    .ARM.Collect$$libinit$$00000025  c_w.l(libinit2.o)
    0x080002b2   0x080002b2   0x00000000   Code   RO         1566    .ARM.Collect$$libinit$$0000002C  c_w.l(libinit2.o)
    0x080002b2   0x080002b2   0x00000000   Code   RO         1568    .ARM.Collect$$libinit$$0000002E  c_w.l(libinit2.o)
    0x080002b2   0x080002b2   0x00000000   Code   RO         1570    .ARM.Collect$$libinit$$00000030  c_w.l(libinit2.o)
    0x080002b2   0x080002b2   0x00000000   Code   RO         1572    .ARM.Collect$$libinit$$00000032  c_w.l(libinit2.o)
    0x080002b2   0x080002b2   0x00000002   Code   RO         1573    .ARM.Collect$$libinit$$00000033  c_w.l(libinit2.o)
    0x080002b4   0x080002b4   0x00000002   Code   RO         1815    .ARM.Collect$$libshutdown$$00000000  c_w.l(libshutdown.o)
    0x080002b6   0x080002b6   0x00000000   Code   RO         1769    .ARM.Collect$$libshutdown$$00000002  c_w.l(libshutdown2.o)
    0x080002b6   0x080002b6   0x00000000   Code   RO         1771    .ARM.Collect$$libshutdown$$00000004  c_w.l(libshutdown2.o)
    0x080002b6   0x080002b6   0x00000000   Code   RO         1774    .ARM.Collect$$libshutdown$$00000007  c_w.l(libshutdown2.o)
    0x080002b6   0x080002b6   0x00000000   Code   RO         1777    .ARM.Collect$$libshutdown$$0000000A  c_w.l(libshutdown2.o)
    0x080002b6   0x080002b6   0x00000000   Code   RO         1779    .ARM.Collect$$libshutdown$$0000000C  c_w.l(libshutdown2.o)
    0x080002b6   0x080002b6   0x00000000   Code   RO         1782    .ARM.Collect$$libshutdown$$0000000F  c_w.l(libshutdown2.o)
    0x080002b6   0x080002b6   0x00000002   Code   RO         1783    .ARM.Collect$$libshutdown$$00000010  c_w.l(libshutdown2.o)
    0x080002b8   0x080002b8   0x00000000   Code   RO         1452    .ARM.Collect$$rtentry$$00000000  c_w.l(__rtentry.o)
    0x080002b8   0x080002b8   0x00000000   Code   RO         1634    .ARM.Collect$$rtentry$$00000002  c_w.l(__rtentry2.o)
    0x080002b8   0x080002b8   0x00000006   Code   RO         1646    .ARM.Collect$$rtentry$$00000004  c_w.l(__rtentry4.o)
    0x080002be   0x080002be   0x00000000   Code   RO         1636    .ARM.Collect$$rtentry$$00000009  c_w.l(__rtentry2.o)
    0x080002be   0x080002be   0x00000004   Code   RO         1637    .ARM.Collect$$rtentry$$0000000A  c_w.l(__rtentry2.o)
    0x080002c2   0x080002c2   0x00000000   Code   RO         1639    .ARM.Collect$$rtentry$$0000000C  c_w.l(__rtentry2.o)
    0x080002c2   0x080002c2   0x00000008   Code   RO         1640    .ARM.Collect$$rtentry$$0000000D  c_w.l(__rtentry2.o)
    0x080002ca   0x080002ca   0x00000002   Code   RO         1758    .ARM.Collect$$rtexit$$00000000  c_w.l(rtexit.o)
    0x080002cc   0x080002cc   0x00000000   Code   RO         1789    .ARM.Collect$$rtexit$$00000002  c_w.l(rtexit2.o)
    0x080002cc   0x080002cc   0x00000004   Code   RO         1790    .ARM.Collect$$rtexit$$00000003  c_w.l(rtexit2.o)
    0x080002d0   0x080002d0   0x00000006   Code   RO         1791    .ARM.Collect$$rtexit$$00000004  c_w.l(rtexit2.o)
    0x080002d6   0x080002d6   0x00000002   PAD
    0x080002d8   0x080002d8   0x00000000   Code   RO         1660    .emb_text           c_w.l(maybetermalloc1.o)
    0x080002d8   0x080002d8   0x00000144   Code   RO           20    .text               at32f403a_407_it.o
    0x0800041c   0x0800041c   0x00000164   Code   RO          156    .text               system_at32f403a_407.o
    0x08000580   0x08000580   0x00000040   Code   RO          187    .text               startup_at32f403a_407.o
    0x080005c0   0x080005c0   0x000006dc   Code   RO          364    .text               at32f403a_407_crm.o
    0x08000c9c   0x08000c9c   0x00000b78   Code   RO          503    .text               at32f403a_407_flash.o
    0x08001814   0x08001814   0x00000308   Code   RO          528    .text               at32f403a_407_gpio.o
    0x08001b1c   0x08001b1c   0x00000194   Code   RO          576    .text               at32f403a_407_misc.o
    0x08001cb0   0x08001cb0   0x00000bb2   Code   RO          700    .text               at32f403a_407_tmr.o
    0x08002862   0x08002862   0x00000002   PAD
    0x08002864   0x08002864   0x000003ec   Code   RO          724    .text               at32f403a_407_usart.o
    0x08002c50   0x08002c50   0x000000b8   Code   RO          850    .text               delay.o
    0x08002d08   0x08002d08   0x00000240   Code   RO          884    .text               usart.o
    0x08002f48   0x08002f48   0x00000950   Code   RO          920    .text               main.o
    0x08003898   0x08003898   0x00000938   Code   RO          978    .text               broker.o
    0x080041d0   0x080041d0   0x000009a8   Code   RO         1019    .text               mqttkit.o
    0x08004b78   0x08004b78   0x0000047c   Code   RO         1050    .text               esp8266.o
    0x08004ff4   0x08004ff4   0x00001b5a   Code   RO         1083    .text               cjson.o
    0x08006b4e   0x08006b4e   0x00000002   PAD
    0x08006b50   0x08006b50   0x00000578   Code   RO         1120    .text               oled.o
    0x080070c8   0x080070c8   0x000000d0   Code   RO         1153    .text               timer.o
    0x08007198   0x08007198   0x0000028c   Code   RO         1180    .text               flash.o
    0x08007424   0x08007424   0x0000046c   Code   RO         1207    .text               rfid.o
    0x08007890   0x08007890   0x0000005e   Code   RO         1241    .text               c_w.l(h1_alloc.o)
    0x080078ee   0x080078ee   0x0000004e   Code   RO         1243    .text               c_w.l(h1_free.o)
    0x0800793c   0x0800793c   0x0000001a   Code   RO         1299    .text               c_w.l(tolower.o)
    0x08007956   0x08007956   0x00000002   PAD
    0x08007958   0x08007958   0x00000034   Code   RO         1301    .text               c_w.l(vsnprintf.o)
    0x0800798c   0x0800798c   0x0000002c   Code   RO         1303    .text               c_w.l(__2sprintf.o)
    0x080079b8   0x080079b8   0x00000038   Code   RO         1305    .text               c_w.l(__2snprintf.o)
    0x080079f0   0x080079f0   0x0000004e   Code   RO         1313    .text               c_w.l(_printf_pad.o)
    0x08007a3e   0x08007a3e   0x00000052   Code   RO         1315    .text               c_w.l(_printf_str.o)
    0x08007a90   0x08007a90   0x00000078   Code   RO         1317    .text               c_w.l(_printf_dec.o)
    0x08007b08   0x08007b08   0x00000094   Code   RO         1337    .text               c_w.l(_printf_hex_int_ll_ptr.o)
    0x08007b9c   0x08007b9c   0x00000188   Code   RO         1357    .text               c_w.l(__printf_flags_ss_wp.o)
    0x08007d24   0x08007d24   0x00000014   Code   RO         1366    .text               c_w.l(strchr.o)
    0x08007d38   0x08007d38   0x00000024   Code   RO         1368    .text               c_w.l(strncat.o)
    0x08007d5c   0x08007d5c   0x00000024   Code   RO         1370    .text               c_w.l(strstr.o)
    0x08007d80   0x08007d80   0x00000058   Code   RO         1372    .text               c_w.l(memcmp.o)
    0x08007dd8   0x08007dd8   0x00000048   Code   RO         1374    .text               c_w.l(strcpy.o)
    0x08007e20   0x08007e20   0x0000003e   Code   RO         1376    .text               c_w.l(strlen.o)
    0x08007e5e   0x08007e5e   0x00000096   Code   RO         1378    .text               c_w.l(strncmp.o)
    0x08007ef4   0x08007ef4   0x00000018   Code   RO         1380    .text               c_w.l(strcat.o)
    0x08007f0c   0x08007f0c   0x0000008a   Code   RO         1382    .text               c_w.l(rt_memcpy_v6.o)
    0x08007f96   0x08007f96   0x00000064   Code   RO         1384    .text               c_w.l(rt_memcpy_w.o)
    0x08007ffa   0x08007ffa   0x00000010   Code   RO         1386    .text               c_w.l(aeabi_memset.o)
    0x0800800a   0x0800800a   0x00000044   Code   RO         1388    .text               c_w.l(rt_memclr.o)
    0x0800804e   0x0800804e   0x0000004e   Code   RO         1390    .text               c_w.l(rt_memclr_w.o)
    0x0800809c   0x0800809c   0x00000006   Code   RO         1392    .text               c_w.l(heapauxi.o)
    0x080080a2   0x080080a2   0x00000002   PAD
    0x080080a4   0x080080a4   0x00000010   Code   RO         1453    .text               c_w.l(rt_ctype_table.o)
    0x080080b4   0x080080b4   0x00000008   Code   RO         1458    .text               c_w.l(rt_heap_descriptor_intlibspace.o)
    0x080080bc   0x080080bc   0x00000004   Code   RO         1460    .text               c_w.l(hguard.o)
    0x080080c0   0x080080c0   0x0000008a   Code   RO         1462    .text               c_w.l(init_alloc.o)
    0x0800814a   0x0800814a   0x0000000e   Code   RO         1466    .text               c_w.l(h1_init.o)
    0x08008158   0x08008158   0x00000016   Code   RO         1480    .text               c_w.l(_rserrno.o)
    0x0800816e   0x0800816e   0x00000024   Code   RO         1482    .text               c_w.l(_printf_truncate.o)
    0x08008192   0x08008192   0x000000b2   Code   RO         1484    .text               c_w.l(_printf_intcommon.o)
    0x08008244   0x08008244   0x00000028   Code   RO         1486    .text               c_w.l(_printf_charcount.o)
    0x0800826c   0x0800826c   0x0000041e   Code   RO         1488    .text               c_w.l(_printf_fp_dec.o)
    0x0800868a   0x0800868a   0x00000002   PAD
    0x0800868c   0x0800868c   0x00000030   Code   RO         1490    .text               c_w.l(_printf_char_common.o)
    0x080086bc   0x080086bc   0x0000000a   Code   RO         1492    .text               c_w.l(_sputc.o)
    0x080086c6   0x080086c6   0x00000010   Code   RO         1494    .text               c_w.l(_snputc.o)
    0x080086d6   0x080086d6   0x0000002c   Code   RO         1496    .text               c_w.l(_printf_char.o)
    0x08008702   0x08008702   0x00000002   PAD
    0x08008704   0x08008704   0x000000bc   Code   RO         1498    .text               c_w.l(_printf_wctomb.o)
    0x080087c0   0x080087c0   0x0000007c   Code   RO         1501    .text               c_w.l(_printf_longlong_dec.o)
    0x0800883c   0x0800883c   0x00000070   Code   RO         1507    .text               c_w.l(_printf_oct_int_ll.o)
    0x080088ac   0x080088ac   0x00000008   Code   RO         1630    .text               c_w.l(libspace.o)
    0x080088b4   0x080088b4   0x00000008   Code   RO         1651    .text               c_w.l(rt_locale_intlibspace.o)
    0x080088bc   0x080088bc   0x00000008   Code   RO         1656    .text               c_w.l(rt_errno_addr_intlibspace.o)
    0x080088c4   0x080088c4   0x00000034   Code   RO         1662    .text               c_w.l(h1_extend.o)
    0x080088f8   0x080088f8   0x0000008a   Code   RO         1666    .text               c_w.l(lludiv10.o)
    0x08008982   0x08008982   0x00000002   PAD
    0x08008984   0x08008984   0x000002fc   Code   RO         1668    .text               c_w.l(_printf_fp_hex.o)
    0x08008c80   0x08008c80   0x00000080   Code   RO         1671    .text               c_w.l(_printf_fp_infnan.o)
    0x08008d00   0x08008d00   0x0000002c   Code   RO         1675    .text               c_w.l(_printf_wchar.o)
    0x08008d2c   0x08008d2c   0x000000e4   Code   RO         1677    .text               c_w.l(bigflt0.o)
    0x08008e10   0x08008e10   0x00000040   Code   RO         1702    .text               c_w.l(_wcrtomb.o)
    0x08008e50   0x08008e50   0x0000000e   Code   RO         1710    .text               c_w.l(defsig_rtmem_outer.o)
    0x08008e5e   0x08008e5e   0x00000002   Code   RO         1727    .text               c_w.l(use_no_semi.o)
    0x08008e60   0x08008e60   0x00000000   Code   RO         1729    .text               c_w.l(indicate_semi.o)
    0x08008e60   0x08008e60   0x0000004a   Code   RO         1730    .text               c_w.l(sys_stackheap_outer.o)
    0x08008eaa   0x08008eaa   0x00000012   Code   RO         1736    .text               c_w.l(exit.o)
    0x08008ebc   0x08008ebc   0x0000000a   Code   RO         1738    .text               c_w.l(defsig_exit.o)
    0x08008ec6   0x08008ec6   0x00000002   PAD
    0x08008ec8   0x08008ec8   0x00000050   Code   RO         1740    .text               c_w.l(defsig_rtmem_inner.o)
    0x08008f18   0x08008f18   0x00000080   Code   RO         1742    .text               c_w.l(strcmpv7m.o)
    0x08008f98   0x08008f98   0x0000000c   Code   RO         1756    .text               c_w.l(sys_exit.o)
    0x08008fa4   0x08008fa4   0x00000032   Code   RO         1766    .text               c_w.l(defsig_general.o)
    0x08008fd6   0x08008fd6   0x0000000e   Code   RO         1786    .text               c_w.l(sys_wrch.o)
    0x08008fe4   0x08008fe4   0x0000003e   Code   RO         1680    CL$$btod_d2e        c_w.l(btod.o)
    0x08009022   0x08009022   0x00000046   Code   RO         1682    CL$$btod_d2e_denorm_low  c_w.l(btod.o)
    0x08009068   0x08009068   0x00000060   Code   RO         1681    CL$$btod_d2e_norm_op1  c_w.l(btod.o)
    0x080090c8   0x080090c8   0x00000338   Code   RO         1690    CL$$btod_div_common  c_w.l(btod.o)
    0x08009400   0x08009400   0x000000dc   Code   RO         1687    CL$$btod_e2e        c_w.l(btod.o)
    0x080094dc   0x080094dc   0x0000002a   Code   RO         1684    CL$$btod_ediv       c_w.l(btod.o)
    0x08009506   0x08009506   0x0000002a   Code   RO         1683    CL$$btod_emul       c_w.l(btod.o)
    0x08009530   0x08009530   0x00000244   Code   RO         1689    CL$$btod_mult_common  c_w.l(btod.o)
    0x08009774   0x08009774   0x00000030   Code   RO         1611    i.__ARM_fpclassify  m_wm.l(fpclassify.o)
    0x080097a4   0x080097a4   0x00000014   Code   RO         1424    i.__hardfp_fabs     m_wm.l(fabs.o)
    0x080097b8   0x080097b8   0x00000118   Code   RO         1430    i.__hardfp_floor    m_wm.l(floor.o)
    0x080098d0   0x080098d0   0x00000c50   Code   RO         1436    i.__hardfp_pow      m_wm.l(pow.o)
    0x0800a520   0x0800a520   0x000000f8   Code   RO         1613    i.__kernel_poly     m_wm.l(poly.o)
    0x0800a618   0x0800a618   0x00000030   Code   RO         1597    i.__mathlib_dbl_divzero  m_wm.l(dunder.o)
    0x0800a648   0x0800a648   0x00000014   Code   RO         1599    i.__mathlib_dbl_infnan2  m_wm.l(dunder.o)
    0x0800a65c   0x0800a65c   0x00000004   PAD
    0x0800a660   0x0800a660   0x00000020   Code   RO         1600    i.__mathlib_dbl_invalid  m_wm.l(dunder.o)
    0x0800a680   0x0800a680   0x00000020   Code   RO         1601    i.__mathlib_dbl_overflow  m_wm.l(dunder.o)
    0x0800a6a0   0x0800a6a0   0x00000020   Code   RO         1603    i.__mathlib_dbl_underflow  m_wm.l(dunder.o)
    0x0800a6c0   0x0800a6c0   0x0000000e   Code   RO         1350    i._is_digit         c_w.l(__printf_wp.o)
    0x0800a6ce   0x0800a6ce   0x00000018   Code   RO         1426    i.fabs              m_wm.l(fabs.o)
    0x0800a6e6   0x0800a6e6   0x0000006e   Code   RO         1618    i.sqrt              m_wm.l(sqrt.o)
    0x0800a754   0x0800a754   0x0000002c   Code   RO         1705    locale$$code        c_w.l(lc_ctype_c.o)
    0x0800a780   0x0800a780   0x0000002c   Code   RO         1708    locale$$code        c_w.l(lc_numeric_c.o)
    0x0800a7ac   0x0800a7ac   0x00000018   Code   RO         1574    x$fpl$basic         fz_wm.l(basic.o)
    0x0800a7c4   0x0800a7c4   0x00000150   Code   RO         1396    x$fpl$dadd          fz_wm.l(daddsub_clz.o)
    0x0800a914   0x0800a914   0x00000010   Code   RO         1719    x$fpl$dcheck1       fz_wm.l(dcheck1.o)
    0x0800a924   0x0800a924   0x00000018   Code   RO         1576    x$fpl$dcmpinf       fz_wm.l(dcmpi.o)
    0x0800a93c   0x0800a93c   0x000002b0   Code   RO         1579    x$fpl$ddiv          fz_wm.l(ddiv.o)
    0x0800abec   0x0800abec   0x00000078   Code   RO         1402    x$fpl$deqf          fz_wm.l(deqf.o)
    0x0800ac64   0x0800ac64   0x0000005e   Code   RO         1404    x$fpl$dfix          fz_wm.l(dfix.o)
    0x0800acc2   0x0800acc2   0x0000002e   Code   RO         1409    x$fpl$dflt          fz_wm.l(dflt_clz.o)
    0x0800acf0   0x0800acf0   0x00000078   Code   RO         1414    x$fpl$dleqf         fz_wm.l(dleqf.o)
    0x0800ad68   0x0800ad68   0x00000154   Code   RO         1416    x$fpl$dmul          fz_wm.l(dmul.o)
    0x0800aebc   0x0800aebc   0x0000009c   Code   RO         1582    x$fpl$dnaninf       fz_wm.l(dnaninf.o)
    0x0800af58   0x0800af58   0x0000000c   Code   RO         1584    x$fpl$dretinf       fz_wm.l(dretinf.o)
    0x0800af64   0x0800af64   0x0000006c   Code   RO         1418    x$fpl$drleqf        fz_wm.l(drleqf.o)
    0x0800afd0   0x0800afd0   0x00000016   Code   RO         1397    x$fpl$drsb          fz_wm.l(daddsub_clz.o)
    0x0800afe6   0x0800afe6   0x00000002   PAD
    0x0800afe8   0x0800afe8   0x00000198   Code   RO         1721    x$fpl$dsqrt         fz_wm.l(dsqrt_umaal.o)
    0x0800b180   0x0800b180   0x000001d4   Code   RO         1398    x$fpl$dsub          fz_wm.l(daddsub_clz.o)
    0x0800b354   0x0800b354   0x00000056   Code   RO         1420    x$fpl$f2d           fz_wm.l(f2d.o)
    0x0800b3aa   0x0800b3aa   0x0000008c   Code   RO         1586    x$fpl$fnaninf       fz_wm.l(fnaninf.o)
    0x0800b436   0x0800b436   0x0000000a   Code   RO         1723    x$fpl$fpinit        fz_wm.l(fpinit.o)
    0x0800b440   0x0800b440   0x00000004   Code   RO         1422    x$fpl$printf1       fz_wm.l(printf1.o)
    0x0800b444   0x0800b444   0x00000004   Code   RO         1588    x$fpl$printf2       fz_wm.l(printf2.o)
    0x0800b448   0x0800b448   0x00000064   Code   RO         1754    x$fpl$retnan        fz_wm.l(retnan.o)
    0x0800b4ac   0x0800b4ac   0x0000005c   Code   RO         1594    x$fpl$scalbn        fz_wm.l(scalbn.o)
    0x0800b508   0x0800b508   0x00000030   Code   RO         1784    x$fpl$trapveneer    fz_wm.l(trapv.o)
    0x0800b538   0x0800b538   0x00000000   Code   RO         1596    x$fpl$usenofp       fz_wm.l(usenofp.o)
    0x0800b538   0x0800b538   0x00000010   Data   RO          157    .constdata          system_at32f403a_407.o
    0x0800b548   0x0800b548   0x00000028   Data   RO          365    .constdata          at32f403a_407_crm.o
    0x0800b570   0x0800b570   0x00000008   Data   RO          504    .constdata          at32f403a_407_flash.o
    0x0800b578   0x0800b578   0x00000034   Data   RO          922    .constdata          main.o
    0x0800b5ac   0x0800b5ac   0x00000007   Data   RO         1084    .constdata          cjson.o
    0x0800b5b3   0x0800b5b3   0x000010b0   Data   RO         1121    .constdata          oled.o
    0x0800c663   0x0800c663   0x00000028   Data   RO         1338    .constdata          c_w.l(_printf_hex_int_ll_ptr.o)
    0x0800c68b   0x0800c68b   0x00000011   Data   RO         1358    .constdata          c_w.l(__printf_flags_ss_wp.o)
    0x0800c69c   0x0800c69c   0x00000004   PAD
    0x0800c6a0   0x0800c6a0   0x00000088   Data   RO         1439    .constdata          m_wm.l(pow.o)
    0x0800c728   0x0800c728   0x00000008   Data   RO         1499    .constdata          c_w.l(_printf_wctomb.o)
    0x0800c730   0x0800c730   0x00000008   Data   RO         1615    .constdata          m_wm.l(qnan.o)
    0x0800c738   0x0800c738   0x00000026   Data   RO         1669    .constdata          c_w.l(_printf_fp_hex.o)
    0x0800c75e   0x0800c75e   0x00000002   PAD
    0x0800c760   0x0800c760   0x00000094   Data   RO         1678    .constdata          c_w.l(bigflt0.o)
    0x0800c7f4   0x0800c7f4   0x00000099   Data   RO          979    .conststring        broker.o
    0x0800c88d   0x0800c88d   0x00000003   PAD
    0x0800c890   0x0800c890   0x00000020   Data   RO         1816    Region$$Table       anon$$obj.o
    0x0800c8b0   0x0800c8b0   0x00000110   Data   RO         1704    locale$$data        c_w.l(lc_ctype_c.o)
    0x0800c9c0   0x0800c9c0   0x0000001c   Data   RO         1707    locale$$data        c_w.l(lc_numeric_c.o)


    Execution Region RW_IRAM1 (Exec base: 0x20000000, Load base: 0x0800c9dc, Size: 0x00001480, Max: 0x00018000, ABSOLUTE)

    Exec Addr    Load Addr    Size         Type   Attr      Idx    E Section Name        Object

    0x20000000   0x0800c9dc   0x00000004   Data   RW          158    .data               system_at32f403a_407.o
    0x20000004   0x0800c9e0   0x00000008   Data   RW          851    .data               delay.o
    0x2000000c   0x0800c9e8   0x00000018   Data   RW          923    .data               main.o
    0x20000024   0x0800ca00   0x00000004   Data   RW          980    .data               broker.o
    0x20000028   0x0800ca04   0x00000004   Data   RW         1052    .data               esp8266.o
    0x2000002c   0x0800ca08   0x0000000c   Data   RW         1085    .data               cjson.o
    0x20000038   0x0800ca14   0x00000022   Data   RW         1209    .data               rfid.o
    0x2000005a   0x0800ca36   0x00000002   PAD
    0x2000005c        -       0x00000400   Zero   RW          885    .bss                usart.o
    0x2000045c        -       0x000004f0   Zero   RW          921    .bss                main.o
    0x2000094c        -       0x00000200   Zero   RW         1051    .bss                esp8266.o
    0x20000b4c        -       0x000002d4   Zero   RW         1208    .bss                rfid.o
    0x20000e20        -       0x00000060   Zero   RW         1631    .bss                c_w.l(libspace.o)
    0x20000e80        -       0x00000200   Zero   RW          185    HEAP                startup_at32f403a_407.o
    0x20001080        -       0x00000400   Zero   RW          184    STACK               startup_at32f403a_407.o


==============================================================================

Image component sizes


      Code (inc. data)   RO Data    RW Data    ZI Data      Debug   Object Name

         0          0          0          0          0      16744   at32f403a_407_acc.o
      1756         72         40          0          0       7954   at32f403a_407_crm.o
      2936         82          8          0          0      11664   at32f403a_407_flash.o
       776         28          0          0          0       5431   at32f403a_407_gpio.o
       324        254          0          0          0      36560   at32f403a_407_it.o
       404         20          0          0          0      32603   at32f403a_407_misc.o
      2994         76          0          0          0      14916   at32f403a_407_tmr.o
      1004         32          0          0          0       7660   at32f403a_407_usart.o
      2360        820        153          4          0       8481   broker.o
      7002        236          7         12          0      24528   cjson.o
         0          0          0          0          0       4556   core_cm4.o
       184         18          0          8          0      32005   delay.o
      1148        386          0          4        512       3702   esp8266.o
       652          6          0          0          0       3390   flash.o
      2384        520         52         24       1264       5813   main.o
      2472         16          0          0          0      10848   mqttkit.o
      1400         22       4272          0          0       6682   oled.o
      1132         64          0         34        724       5712   rfid.o
        64         26        388          0       1536        836   startup_at32f403a_407.o
       356         34         16          4          0       1598   system_at32f403a_407.o
       208         10          0          0          0        652   timer.o
       576         38          0          0       1024       3367   usart.o

    ----------------------------------------------------------------------
     30136       2760       4971         92       5060     245702   Object Totals
         0          0         32          0          0          0   (incl. Generated)
         4          0          3          2          0          0   (incl. Padding)

    ----------------------------------------------------------------------

      Code (inc. data)   RO Data    RW Data    ZI Data      Debug   Library Member Name

        56          6          0          0          0         88   __2snprintf.o
        44          6          0          0          0         84   __2sprintf.o
         8          0          0          0          0         68   __main.o
       392          4         17          0          0         92   __printf_flags_ss_wp.o
        14          0          0          0          0         68   __printf_wp.o
         0          0          0          0          0          0   __rtentry.o
        12          0          0          0          0          0   __rtentry2.o
         6          0          0          0          0          0   __rtentry4.o
        52          8          0          0          0          0   __scatter.o
        26          0          0          0          0          0   __scatter_copy.o
        28          0          0          0          0          0   __scatter_zi.o
         6          0          0          0          0          0   _printf_a.o
         6          0          0          0          0          0   _printf_c.o
        44          0          0          0          0        108   _printf_char.o
        48          6          0          0          0         96   _printf_char_common.o
        40          0          0          0          0         68   _printf_charcount.o
         6          0          0          0          0          0   _printf_d.o
       120         16          0          0          0         92   _printf_dec.o
         6          0          0          0          0          0   _printf_e.o
         6          0          0          0          0          0   _printf_f.o
      1054          0          0          0          0        216   _printf_fp_dec.o
       764          8         38          0          0        100   _printf_fp_hex.o
       128         16          0          0          0         84   _printf_fp_infnan.o
         6          0          0          0          0          0   _printf_g.o
       148          4         40          0          0        160   _printf_hex_int_ll_ptr.o
         6          0          0          0          0          0   _printf_i.o
       178          0          0          0          0         88   _printf_intcommon.o
        10          0          0          0          0          0   _printf_l.o
         6          0          0          0          0          0   _printf_lc.o
        10          0          0          0          0          0   _printf_ll.o
         6          0          0          0          0          0   _printf_lld.o
         6          0          0          0          0          0   _printf_lli.o
         6          0          0          0          0          0   _printf_llo.o
         6          0          0          0          0          0   _printf_llu.o
         6          0          0          0          0          0   _printf_llx.o
       124         16          0          0          0         92   _printf_longlong_dec.o
         6          0          0          0          0          0   _printf_ls.o
         6          0          0          0          0          0   _printf_n.o
         6          0          0          0          0          0   _printf_o.o
       112         10          0          0          0        124   _printf_oct_int_ll.o
         6          0          0          0          0          0   _printf_p.o
        78          0          0          0          0        108   _printf_pad.o
         0          0          0          0          0          0   _printf_percent.o
         4          0          0          0          0          0   _printf_percent_end.o
         6          0          0          0          0          0   _printf_s.o
        82          0          0          0          0         80   _printf_str.o
        36          0          0          0          0         84   _printf_truncate.o
         6          0          0          0          0          0   _printf_u.o
        44          0          0          0          0        108   _printf_wchar.o
       188          6          8          0          0         92   _printf_wctomb.o
         6          0          0          0          0          0   _printf_x.o
        22          0          0          0          0        100   _rserrno.o
        16          0          0          0          0         68   _snputc.o
        10          0          0          0          0         68   _sputc.o
        64          0          0          0          0         92   _wcrtomb.o
        16          0          0          0          0         68   aeabi_memset.o
       228          4        148          0          0         96   bigflt0.o
      1936        128          0          0          0        672   btod.o
        10          0          0          0          0         68   defsig_exit.o
        50          0          0          0          0         88   defsig_general.o
        80         58          0          0          0         76   defsig_rtmem_inner.o
        14          0          0          0          0         80   defsig_rtmem_outer.o
        18          0          0          0          0         80   exit.o
        94          0          0          0          0         80   h1_alloc.o
        52          0          0          0          0         68   h1_extend.o
        78          0          0          0          0         80   h1_free.o
        14          0          0          0          0         84   h1_init.o
         6          0          0          0          0        152   heapauxi.o
         4          0          0          0          0        136   hguard.o
         0          0          0          0          0          0   indicate_semi.o
       138          0          0          0          0        168   init_alloc.o
        44         10        272          0          0         76   lc_ctype_c.o
        44         10         28          0          0         76   lc_numeric_c.o
         2          0          0          0          0          0   libinit.o
        42          0          0          0          0          0   libinit2.o
         2          0          0          0          0          0   libshutdown.o
         2          0          0          0          0          0   libshutdown2.o
         8          4          0          0         96         68   libspace.o
       138          0          0          0          0         80   lludiv10.o
         0          0          0          0          0          0   maybetermalloc1.o
        88          0          0          0          0         76   memcmp.o
        16          4          0          0          0         76   rt_ctype_table.o
         8          4          0          0          0         68   rt_errno_addr_intlibspace.o
         8          4          0          0          0         68   rt_heap_descriptor_intlibspace.o
         8          4          0          0          0         68   rt_locale_intlibspace.o
        68          0          0          0          0         68   rt_memclr.o
        78          0          0          0          0         80   rt_memclr_w.o
       138          0          0          0          0         68   rt_memcpy_v6.o
       100          0          0          0          0         80   rt_memcpy_w.o
         2          0          0          0          0          0   rtexit.o
        10          0          0          0          0          0   rtexit2.o
        24          0          0          0          0         68   strcat.o
        20          0          0          0          0         68   strchr.o
       128          0          0          0          0         68   strcmpv7m.o
        72          0          0          0          0         80   strcpy.o
        62          0          0          0          0         76   strlen.o
        36          0          0          0          0         76   strncat.o
       150          0          0          0          0         80   strncmp.o
        36          0          0          0          0         80   strstr.o
        12          4          0          0          0         68   sys_exit.o
        74          0          0          0          0         80   sys_stackheap_outer.o
        14          0          0          0          0         76   sys_wrch.o
        26          0          0          0          0         76   tolower.o
         2          0          0          0          0         68   use_no_semi.o
        52          4          0          0          0         80   vsnprintf.o
        24          0          0          0          0        164   basic.o
       826         16          0          0          0        492   daddsub_clz.o
        16          4          0          0          0        116   dcheck1.o
        24          0          0          0          0        116   dcmpi.o
       688        140          0          0          0        256   ddiv.o
       120          4          0          0          0        140   deqf.o
        94          4          0          0          0        140   dfix.o
        46          0          0          0          0        116   dflt_clz.o
       120          4          0          0          0        140   dleqf.o
       340         12          0          0          0        152   dmul.o
       156          4          0          0          0        140   dnaninf.o
        12          0          0          0          0        116   dretinf.o
       108          0          0          0          0        128   drleqf.o
       408         56          0          0          0        168   dsqrt_umaal.o
        86          4          0          0          0        132   f2d.o
       140          4          0          0          0        132   fnaninf.o
        10          0          0          0          0        116   fpinit.o
         4          0          0          0          0        116   printf1.o
         4          0          0          0          0        116   printf2.o
       100          0          0          0          0        116   retnan.o
        92          0          0          0          0        116   scalbn.o
        48          0          0          0          0        116   trapv.o
         0          0          0          0          0          0   usenofp.o
       164         44          0          0          0        620   dunder.o
        44          0          0          0          0        248   fabs.o
       280         28          0          0          0        156   floor.o
        48          0          0          0          0        124   fpclassify.o
       248          0          0          0          0        152   poly.o
      3152        296        136          0          0        352   pow.o
         0          0          8          0          0          0   qnan.o
       110          0          0          0          0        148   sqrt.o

    ----------------------------------------------------------------------
     15868        964        701          0         96      11564   Library Totals
        22          0          6          0          0          0   (incl. Padding)

    ----------------------------------------------------------------------

      Code (inc. data)   RO Data    RW Data    ZI Data      Debug   Library Name

      8334        344        551          0         96       6420   c_w.l
      3466        252          0          0          0       3344   fz_wm.l
      4046        368        144          0          0       1800   m_wm.l

    ----------------------------------------------------------------------
     15868        964        701          0         96      11564   Library Totals

    ----------------------------------------------------------------------

==============================================================================


      Code (inc. data)   RO Data    RW Data    ZI Data      Debug   

     46004       3724       5672         92       5156     245322   Grand Totals
     46004       3724       5672         92       5156     245322   ELF Image Totals
     46004       3724       5672         92          0          0   ROM Totals

==============================================================================

    Total RO  Size (Code + RO Data)                51676 (  50.46kB)
    Total RW  Size (RW Data + ZI Data)              5248 (   5.13kB)
    Total ROM Size (Code + RO Data + RW Data)      51768 (  50.55kB)

==============================================================================

